Archive member included to satisfy reference by file (symbol)

/opt/stm32cubeide/plugins/com.st.stm32cube.ide.mcu.externaltools.gnu-tools-for-stm32.12.3.rel1.linux64_1.0.200.202406132123/tools/bin/../lib/gcc/arm-none-eabi/12.3.1/../../../../arm-none-eabi/lib/thumb/v7e-m+fp/hard/libc_nano.a(libc_a-exit.o)
                              /opt/stm32cubeide/plugins/com.st.stm32cube.ide.mcu.externaltools.gnu-tools-for-stm32.12.3.rel1.linux64_1.0.200.202406132123/tools/bin/../lib/gcc/arm-none-eabi/12.3.1/../../../../arm-none-eabi/lib/thumb/v7e-m+fp/hard/crt0.o (exit)
/opt/stm32cubeide/plugins/com.st.stm32cube.ide.mcu.externaltools.gnu-tools-for-stm32.12.3.rel1.linux64_1.0.200.202406132123/tools/bin/../lib/gcc/arm-none-eabi/12.3.1/../../../../arm-none-eabi/lib/thumb/v7e-m+fp/hard/libc_nano.a(libc_a-findfp.o)
                              /opt/stm32cubeide/plugins/com.st.stm32cube.ide.mcu.externaltools.gnu-tools-for-stm32.12.3.rel1.linux64_1.0.200.202406132123/tools/bin/../lib/gcc/arm-none-eabi/12.3.1/../../../../arm-none-eabi/lib/thumb/v7e-m+fp/hard/libc_nano.a(libc_a-exit.o) (__stdio_exit_handler)
/opt/stm32cubeide/plugins/com.st.stm32cube.ide.mcu.externaltools.gnu-tools-for-stm32.12.3.rel1.linux64_1.0.200.202406132123/tools/bin/../lib/gcc/arm-none-eabi/12.3.1/../../../../arm-none-eabi/lib/thumb/v7e-m+fp/hard/libc_nano.a(libc_a-fwalk.o)
                              /opt/stm32cubeide/plugins/com.st.stm32cube.ide.mcu.externaltools.gnu-tools-for-stm32.12.3.rel1.linux64_1.0.200.202406132123/tools/bin/../lib/gcc/arm-none-eabi/12.3.1/../../../../arm-none-eabi/lib/thumb/v7e-m+fp/hard/libc_nano.a(libc_a-findfp.o) (_fwalk_sglue)
/opt/stm32cubeide/plugins/com.st.stm32cube.ide.mcu.externaltools.gnu-tools-for-stm32.12.3.rel1.linux64_1.0.200.202406132123/tools/bin/../lib/gcc/arm-none-eabi/12.3.1/../../../../arm-none-eabi/lib/thumb/v7e-m+fp/hard/libc_nano.a(libc_a-stdio.o)
                              /opt/stm32cubeide/plugins/com.st.stm32cube.ide.mcu.externaltools.gnu-tools-for-stm32.12.3.rel1.linux64_1.0.200.202406132123/tools/bin/../lib/gcc/arm-none-eabi/12.3.1/../../../../arm-none-eabi/lib/thumb/v7e-m+fp/hard/libc_nano.a(libc_a-findfp.o) (__sread)
/opt/stm32cubeide/plugins/com.st.stm32cube.ide.mcu.externaltools.gnu-tools-for-stm32.12.3.rel1.linux64_1.0.200.202406132123/tools/bin/../lib/gcc/arm-none-eabi/12.3.1/../../../../arm-none-eabi/lib/thumb/v7e-m+fp/hard/libc_nano.a(libc_a-memset.o)
                              /opt/stm32cubeide/plugins/com.st.stm32cube.ide.mcu.externaltools.gnu-tools-for-stm32.12.3.rel1.linux64_1.0.200.202406132123/tools/bin/../lib/gcc/arm-none-eabi/12.3.1/../../../../arm-none-eabi/lib/thumb/v7e-m+fp/hard/crt0.o (memset)
/opt/stm32cubeide/plugins/com.st.stm32cube.ide.mcu.externaltools.gnu-tools-for-stm32.12.3.rel1.linux64_1.0.200.202406132123/tools/bin/../lib/gcc/arm-none-eabi/12.3.1/../../../../arm-none-eabi/lib/thumb/v7e-m+fp/hard/libc_nano.a(libc_a-closer.o)
                              /opt/stm32cubeide/plugins/com.st.stm32cube.ide.mcu.externaltools.gnu-tools-for-stm32.12.3.rel1.linux64_1.0.200.202406132123/tools/bin/../lib/gcc/arm-none-eabi/12.3.1/../../../../arm-none-eabi/lib/thumb/v7e-m+fp/hard/libc_nano.a(libc_a-stdio.o) (_close_r)
/opt/stm32cubeide/plugins/com.st.stm32cube.ide.mcu.externaltools.gnu-tools-for-stm32.12.3.rel1.linux64_1.0.200.202406132123/tools/bin/../lib/gcc/arm-none-eabi/12.3.1/../../../../arm-none-eabi/lib/thumb/v7e-m+fp/hard/libc_nano.a(libc_a-reent.o)
                              /opt/stm32cubeide/plugins/com.st.stm32cube.ide.mcu.externaltools.gnu-tools-for-stm32.12.3.rel1.linux64_1.0.200.202406132123/tools/bin/../lib/gcc/arm-none-eabi/12.3.1/../../../../arm-none-eabi/lib/thumb/v7e-m+fp/hard/libc_nano.a(libc_a-closer.o) (errno)
/opt/stm32cubeide/plugins/com.st.stm32cube.ide.mcu.externaltools.gnu-tools-for-stm32.12.3.rel1.linux64_1.0.200.202406132123/tools/bin/../lib/gcc/arm-none-eabi/12.3.1/../../../../arm-none-eabi/lib/thumb/v7e-m+fp/hard/libc_nano.a(libc_a-impure.o)
                              /opt/stm32cubeide/plugins/com.st.stm32cube.ide.mcu.externaltools.gnu-tools-for-stm32.12.3.rel1.linux64_1.0.200.202406132123/tools/bin/../lib/gcc/arm-none-eabi/12.3.1/../../../../arm-none-eabi/lib/thumb/v7e-m+fp/hard/libc_nano.a(libc_a-reent.o) (_impure_ptr)
/opt/stm32cubeide/plugins/com.st.stm32cube.ide.mcu.externaltools.gnu-tools-for-stm32.12.3.rel1.linux64_1.0.200.202406132123/tools/bin/../lib/gcc/arm-none-eabi/12.3.1/../../../../arm-none-eabi/lib/thumb/v7e-m+fp/hard/libc_nano.a(libc_a-lseekr.o)
                              /opt/stm32cubeide/plugins/com.st.stm32cube.ide.mcu.externaltools.gnu-tools-for-stm32.12.3.rel1.linux64_1.0.200.202406132123/tools/bin/../lib/gcc/arm-none-eabi/12.3.1/../../../../arm-none-eabi/lib/thumb/v7e-m+fp/hard/libc_nano.a(libc_a-stdio.o) (_lseek_r)
[...]
Memory Configuration

Name             Origin             Length             Attributes
RAM              0x20000000         0x00004000         xrw
FLASH            0x08000000         0x00010000         xr
*default*        0x00000000         0xffffffff

Linker script and memory map

LOAD /opt/stm32cubeide/plugins/com.st.stm32cube.ide.mcu.externaltools.gnu-tools-for-stm32.12.3.rel1.linux64_1.0.200.202406132123/tools/bin/../lib/gcc/arm-none-eabi/12.3.1/thumb/v7e-m+fp/hard/crti.o
LOAD /opt/stm32cubeide/plugins/com.st.stm32cube.ide.mcu.externaltools.gnu-tools-for-stm32.12.3.rel1.linux64_1.0.200.202406132123/tools/bin/../lib/gcc/arm-none-eabi/12.3.1/thumb/v7e-m+fp/hard/crtbegin.o
LOAD /opt/stm32cubeide/plugins/com.st.stm32cube.ide.mcu.externaltools.gnu-tools-for-stm32.12.3.rel1.linux64_1.0.200.202406132123/tools/bin/../lib/gcc/arm-none-eabi/12.3.1/../../../../arm-none-eabi/lib/thumb/v7e-m+fp/hard/crt0.o
LOAD ./Core/Src/Checksum.o
LOAD ./Core/Src/Measurements.o
LOAD ./Core/Src/RequestQueue.o
LOAD ./Core/Src/SettingsStore.o
LOAD ./Core/Src/exp_i2c_slave.o
LOAD ./Core/Src/i2c_queue.o
LOAD ./Core/Src/main.o
LOAD ./Core/Src/stm32f3xx_hal_msp.o
LOAD ./Core/Src/stm32f3xx_it.o
LOAD ./Core/Src/syscalls.o
LOAD ./Core/Src/sysmem.o
LOAD ./Core/Src/system_stm32f3xx.o
LOAD ./Core/Src/Commands/ReMeasure.o
LOAD ./Core/Src/Commands/SetDur.o
LOAD ./Core/Src/Commands/SetScale.o
LOAD ./Core/Startup/startup_stm32f301k8tx.o
LOAD ./Drivers/STM32F3xx_HAL_Driver/Src/stm32f3xx_hal.o
LOAD ./Drivers/STM32F3xx_HAL_Driver/Src/stm32f3xx_hal_adc.o
LOAD ./Drivers/STM32F3xx_HAL_Driver/Src/stm32f3xx_hal_adc_ex.o
LOAD ./Drivers/STM32F3xx_HAL_Driver/Src/stm32f3xx_hal_cortex.o
LOAD ./Drivers/STM32F3xx_HAL_Driver/Src/stm32f3xx_hal_dma.o
LOAD ./Drivers/STM32F3xx_HAL_Driver/Src/stm32f3xx_hal_exti.o
LOAD ./Drivers/STM32F3xx_HAL_Driver/Src/stm32f3xx_hal_flash.o
LOAD ./Drivers/STM32F3xx_HAL_Driver/Src/stm32f3xx_hal_flash_ex.o
LOAD ./Drivers/STM32F3xx_HAL_Driver/Src/stm32f3xx_hal_gpio.o
LOAD ./Drivers/STM32F3xx_HAL_Driver/Src/stm32f3xx_hal_i2c.o
LOAD ./Drivers/STM32F3xx_HAL_Driver/Src/stm32f3xx_hal_i2c_ex.o
LOAD ./Drivers/STM32F3xx_HAL_Driver/Src/stm32f3xx_hal_pwr.o
LOAD ./Drivers/STM32F3xx_HAL_Driver/Src/stm32f3xx_hal_pwr_ex.o
LOAD ./Drivers/STM32F3xx_HAL_Driver/Src/stm32f3xx_hal_rcc.o
LOAD ./Drivers/STM32F3xx_HAL_Driver/Src/stm32f3xx_hal_rcc_ex.o
LOAD ./Drivers/STM32F3xx_HAL_Driver/Src/stm32f3xx_hal_tim.o
LOAD ./Drivers/STM32F3xx_HAL_Driver/Src/stm32f3xx_hal_tim_ex.o
START GROUP
LOAD /opt/stm32cubeide/plugins/com.st.stm32cube.ide.mcu.externaltools.gnu-tools-for-stm32.12.3.rel1.linux64_1.0.200.202406132123/tools/bin/../lib/gcc/arm-none-eabi/12.3.1/../../../../arm-none-eabi/lib/thumb/v7e-m+fp/hard/libc_nano.a
LOAD /opt/stm32cubeide/plugins/com.st.stm32cube.ide.mcu.externaltools.gnu-tools-for-stm32.12.3.rel1.linux64_1.0.200.202406132123/tools/bin/../lib/gcc/arm-none-eabi/12.3.1/../../../../arm-none-eabi/lib/thumb/v7e-m+fp/hard/libm.a
END GROUP
START GROUP
LOAD /opt/stm32cubeide/plugins/com.st.stm32cube.ide.mcu.externaltools.gnu-tools-for-stm32.12.3.rel1.linux64_1.0.200.202406132123/tools/bin/../lib/gcc/arm-none-eabi/12.3.1/thumb/v7e-m+fp/hard/libgcc.a
LOAD /opt/stm32cubeide/plugins/com.st.stm32cube.ide.mcu.externaltools.gnu-tools-for-stm32.12.3.rel1.linux64_1.0.200.202406132123/tools/bin/../lib/gcc/arm-none-eabi/12.3.1/../../../../arm-none-eabi/lib/thumb/v7e-m+fp/hard/libc_nano.a
END GROUP
START GROUP
LOAD /opt/stm32cubeide/plugins/com.st.stm32cube.ide.mcu.externaltools.gnu-tools-for-stm32.12.3.rel1.linux64_1.0.200.202406132123/tools/bin/../lib/gcc/arm-none-eabi/12.3.1/thumb/v7e-m+fp/hard/libgcc.a
LOAD /opt/stm32cubeide/plugins/com.st.stm32cube.ide.mcu.externaltools.gnu-tools-for-stm32.12.3.rel1.linux64_1.0.200.202406132123/tools/bin/../lib/gcc/arm-none-eabi/12.3.1/../../../../arm-none-eabi/lib/thumb/v7e-m+fp/hard/libc_nano.a
LOAD /opt/stm32cubeide/plugins/com.st.stm32cube.ide.mcu.externaltools.gnu-tools-for-stm32.12.3.rel1.linux64_1.0.200.202406132123/tools/bin/../lib/gcc/arm-none-eabi/12.3.1/../../../../arm-none-eabi/lib/thumb/v7e-m+fp/hard/libnosys.a
END GROUP
START GROUP
LOAD /opt/stm32cubeide/plugins/com.st.stm32cube.ide.mcu.externaltools.gnu-tools-for-stm32.12.3.rel1.linux64_1.0.200.202406132123/tools/bin/../lib/gcc/arm-none-eabi/12.3.1/thumb/v7e-m+fp/hard/libgcc.a
LOAD /opt/stm32cubeide/plugins/com.st.stm32cube.ide.mcu.externaltools.gnu-tools-for-stm32.12.3.rel1.linux64_1.0.200.202406132123/tools/bin/../lib/gcc/arm-none-eabi/12.3.1/../../../../arm-none-eabi/lib/thumb/v7e-m+fp/hard/libc_nano.a
LOAD /opt/stm32cubeide/plugins/com.st.stm32cube.ide.mcu.externaltools.gnu-tools-for-stm32.12.3.rel1.linux64_1.0.200.202406132123/tools/bin/../lib/gcc/arm-none-eabi/12.3.1/../../../../arm-none-eabi/lib/thumb/v7e-m+fp/hard/libnosys.a
END GROUP
LOAD /opt/stm32cubeide/plugins/com.st.stm32cube.ide.mcu.externaltools.gnu-tools-for-stm32.12.3.rel1.linux64_1.0.200.202406132123/tools/bin/../lib/gcc/arm-none-eabi/12.3.1/thumb/v7e-m+fp/hard/crtend.o
LOAD /opt/stm32cubeide/plugins/com.st.stm32cube.ide.mcu.externaltools.gnu-tools-for-stm32.12.3.rel1.linux64_1.0.200.202406132123/tools/bin/../lib/gcc/arm-none-eabi/12.3.1/thumb/v7e-m+fp/hard/crtn.o
                0x20004000                        _estack = (ORIGIN (RAM) + LENGTH (RAM))
                0x00000200                        _Min_Heap_Size = 0x200
                0x00000400                        _Min_Stack_Size = 0x400

.isr_vector     0x08000000      0x188
                0x08000000                        . = ALIGN (0x4)
 *(.isr_vector)
 .isr_vector    0x08000000      0x188 ./Core/Startup/startup_stm32f301k8tx.o
                0x08000000                g_pfnVectors
                0x08000188                        . = ALIGN (0x4)

.text           0x08000188     0x70a4
                0x08000188                        . = ALIGN (0x4)
 *(.text)
 .text          0x08000188       0x40 /opt/stm32cubeide/plugins/com.st.stm32cube.ide.mcu.externaltools.gnu-tools-for-stm32.12.3.rel1.linux64_1.0.200.202406132123/tools/bin/../lib/gcc/arm-none-eabi/12.3.1/thumb/v7e-m+fp/hard/crtbegin.o
 .text          0x080001c8      0x378 /opt/stm32cubeide/plugins/com.st.stm32cube.ide.mcu.externaltools.gnu-tools-for-stm32.12.3.rel1.linux64_1.0.200.202406132123/tools/bin/../lib/gcc/arm-none-eabi/12.3.1/thumb/v7e-m+fp/hard/libgcc.a(_arm_addsubdf3.o)
                0x080001c8                __aeabi_drsub
                0x080001d0                __aeabi_dsub
                0x080001d0                __subdf3
                0x080001d4                __adddf3
                0x080001d4                __aeabi_dadd
                0x0800044c                __aeabi_ui2d
                0x0800044c                __floatunsidf
                0x0800046c                __floatsidf
                0x0800046c                __aeabi_i2d
                0x08000490                __extendsfdf2
                0x08000490                __aeabi_f2d
                0x080004d4                __aeabi_ul2d
                0x080004d4                __floatundidf
                0x080004e4                __floatdidf
                0x080004e4                __aeabi_l2d
 .text          0x08000540      0x424 /opt/stm32cubeide/plugins/com.st.stm32cube.ide.mcu.externaltools.gnu-tools-for-stm32.12.3.rel1.linux64_1.0.200.202406132123/tools/bin/../lib/gcc/arm-none-eabi/12.3.1/thumb/v7e-m+fp/hard/libgcc.a(_arm_muldivdf3.o)
                0x08000540                __aeabi_dmul
                0x08000540                __muldf3
                0x08000794                __aeabi_ddiv
                0x08000794                __divdf3
 .text          0x08000964      0x110 /opt/stm32cubeide/plugins/com.st.stm32cube.ide.mcu.externaltools.gnu-tools-for-stm32.12.3.rel1.linux64_1.0.200.202406132123/tools/bin/../lib/gcc/arm-none-eabi/12.3.1/thumb/v7e-m+fp/hard/libgcc.a(_arm_cmpdf2.o)
                0x08000964                __gtdf2
                0x08000964                __gedf2
                0x0800096c                __ltdf2
                0x0800096c                __ledf2
                0x08000974                __cmpdf2
                0x08000974                __eqdf2
                0x08000974                __nedf2
                0x080009f0                __aeabi_cdrcmple
                0x08000a00                __aeabi_cdcmple
                0x08000a00                __aeabi_cdcmpeq
                0x08000a10                __aeabi_dcmpeq
                0x08000a24                __aeabi_dcmplt
                0x08000a38                __aeabi_dcmple
                0x08000a4c                __aeabi_dcmpge
                0x08000a60                __aeabi_dcmpgt
 .text          0x08000a74       0x2c /opt/stm32cubeide/plugins/com.st.stm32cube.ide.mcu.externaltools.gnu-tools-for-stm32.12.3.rel1.linux64_1.0.200.202406132123/tools/bin/../lib/gcc/arm-none-eabi/12.3.1/thumb/v7e-m+fp/hard/libgcc.a(_arm_unorddf2.o)
                0x08000a74                __aeabi_dcmpun
                0x08000a74                __unorddf2
 .text          0x08000aa0       0x40 /opt/stm32cubeide/plugins/com.st.stm32cube.ide.mcu.externaltools.gnu-tools-for-stm32.12.3.rel1.linux64_1.0.200.202406132123/tools/bin/../lib/gcc/arm-none-eabi/12.3.1/thumb/v7e-m+fp/hard/libgcc.a(_arm_fixunsdfsi.o)
                0x08000aa0                __fixunsdfsi
                0x08000aa0                __aeabi_d2uiz
 *(.text*)
 .text.calculate_checksum
                0x08000ae0       0x3e ./Core/Src/Checksum.o
                0x08000ae0                calculate_checksum
 *fill*         0x08000b1e        0x2 
 .text.max_hit_measurement
                0x08000b20      0x1d0 ./Core/Src/Measurements.o
                0x08000b20                max_hit_measurement
 .text.sample_adc
                0x08000cf0       0x86 ./Core/Src/Measurements.o
                0x08000cf0                sample_adc
 *fill*         0x08000d76        0x2 
 .text.analogRead
                0x08000d78       0x1c ./Core/Src/Measurements.o
                0x08000d78                analogRead
 .text.find_insert_position
                0x08000d94       0x5c ./Core/Src/RequestQueue.o
 .text.request_queue_put
                0x08000df0       0xb4 ./Core/Src/RequestQueue.o
                0x08000df0                request_queue_put
 .text.request_queue_get
                0x08000ea4       0x8c ./Core/Src/RequestQueue.o
                0x08000ea4                request_queue_get
 .text.getSetting
                0x08000f30       0x24 ./Core/Src/SettingsStore.o
                0x08000f30                getSetting
 .text.setSetting
                0x08000f54       0x2c ./Core/Src/SettingsStore.o
                0x08000f54                setSetting
 .text.HAL_I2C_ListenCpltCallback
                0x08000f80       0x16 ./Core/Src/exp_i2c_slave.o
                0x08000f80                HAL_I2C_ListenCpltCallback
 *fill*         0x08000f96        0x2 
 .text.HAL_I2C_AddrCallback
                0x08000f98       0xb0 ./Core/Src/exp_i2c_slave.o
                0x08000f98                HAL_I2C_AddrCallback
 .text.HAL_I2C_SlaveRxCpltCallback
                0x08001048       0x70 ./Core/Src/exp_i2c_slave.o
                0x08001048                HAL_I2C_SlaveRxCpltCallback
 .text.HAL_I2C_SlaveTxCpltCallback
                0x080010b8       0x5c ./Core/Src/exp_i2c_slave.o
                0x080010b8                HAL_I2C_SlaveTxCpltCallback
 .text.HAL_I2C_ErrorCallback
                0x08001114       0x58 ./Core/Src/exp_i2c_slave.o
                0x08001114                HAL_I2C_ErrorCallback
 .text.process_RxData
                0x0800116c       0x80 ./Core/Src/exp_i2c_slave.o
                0x0800116c                process_RxData
 .text.copy_to_queue.0
                0x080011ec       0x4c ./Core/Src/i2c_queue.o
 .text.queue_push
                0x08001238      0x108 ./Core/Src/i2c_queue.o
                0x08001238                queue_push
 .text.queue_get
                0x08001340       0x84 ./Core/Src/i2c_queue.o
                0x08001340                queue_get
 .text.add_header
                0x080013c4       0xae ./Core/Src/i2c_queue.o
                0x080013c4                add_header
 *fill*         0x08001472        0x6 
 .text.add_spectrum
                0x08001478      0x1d0 ./Core/Src/i2c_queue.o
                0x08001478                add_spectrum
 .text.main     0x08001648       0x84 ./Core/Src/main.o
                0x08001648                main
 .text.SystemClock_Config
                0x080016cc       0xb0 ./Core/Src/main.o
                0x080016cc                SystemClock_Config
 .text.MX_ADC1_Init
                0x0800177c       0xb8 ./Core/Src/main.o
 .text.MX_I2C2_Init
                0x08001834       0x80 ./Core/Src/main.o
 .text.MX_GPIO_Init
                0x080018b4       0xa8 ./Core/Src/main.o
 .text.Error_Handler
                0x0800195c        0xc ./Core/Src/main.o
                0x0800195c                Error_Handler
 .text.HAL_MspInit
                0x08001968       0x48 ./Core/Src/stm32f3xx_hal_msp.o
                0x08001968                HAL_MspInit
 .text.HAL_ADC_MspInit
                0x080019b0       0x78 ./Core/Src/stm32f3xx_hal_msp.o
                0x080019b0                HAL_ADC_MspInit
 .text.HAL_I2C_MspInit
                0x08001a28       0xa8 ./Core/Src/stm32f3xx_hal_msp.o
                0x08001a28                HAL_I2C_MspInit
 .text.NMI_Handler
                0x08001ad0        0x8 ./Core/Src/stm32f3xx_it.o
                0x08001ad0                NMI_Handler
 .text.HardFault_Handler
                0x08001ad8        0x8 ./Core/Src/stm32f3xx_it.o
                0x08001ad8                HardFault_Handler
 .text.MemManage_Handler
                0x08001ae0        0x8 ./Core/Src/stm32f3xx_it.o
                0x08001ae0                MemManage_Handler
 .text.BusFault_Handler
                0x08001ae8        0x8 ./Core/Src/stm32f3xx_it.o
                0x08001ae8                BusFault_Handler
 .text.UsageFault_Handler
                0x08001af0        0x8 ./Core/Src/stm32f3xx_it.o
                0x08001af0                UsageFault_Handler
 .text.SVC_Handler
                0x08001af8        0xe ./Core/Src/stm32f3xx_it.o
                0x08001af8                SVC_Handler
 .text.DebugMon_Handler
                0x08001b06        0xe ./Core/Src/stm32f3xx_it.o
                0x08001b06                DebugMon_Handler
 .text.PendSV_Handler
                0x08001b14        0xe ./Core/Src/stm32f3xx_it.o
                0x08001b14                PendSV_Handler
 .text.SysTick_Handler
                0x08001b22        0xc ./Core/Src/stm32f3xx_it.o
                0x08001b22                SysTick_Handler
 *fill*         0x08001b2e        0x2 
 .text.I2C2_EV_IRQHandler
                0x08001b30       0x14 ./Core/Src/stm32f3xx_it.o
                0x08001b30                I2C2_EV_IRQHandler
 .text.I2C2_ER_IRQHandler
                0x08001b44       0x14 ./Core/Src/stm32f3xx_it.o
                0x08001b44                I2C2_ER_IRQHandler
 .text.SystemInit
                0x08001b58       0x24 ./Core/Src/system_stm32f3xx.o
                0x08001b58                SystemInit
 .text.reMeasure
                0x08001b7c       0x76 ./Core/Src/Commands/ReMeasure.o
                0x08001b7c                reMeasure
 .text.setDur   0x08001bf2       0xb4 ./Core/Src/Commands/SetDur.o
                0x08001bf2                setDur
 .text.setScale
                0x08001ca6       0x70 ./Core/Src/Commands/SetScale.o
                0x08001ca6                setScale
 *fill*         0x08001d16        0x2 
 .text.Reset_Handler
                0x08001d18       0x50 ./Core/Startup/startup_stm32f301k8tx.o
                0x08001d18                Reset_Handler
 .text.Default_Handler
                0x08001d68        0x2 ./Core/Startup/startup_stm32f301k8tx.o
                0x08001d68                RTC_Alarm_IRQHandler
                0x08001d68                TIM1_CC_IRQHandler
                0x08001d68                PVD_IRQHandler
                0x08001d68                TAMP_STAMP_IRQHandler
                0x08001d68                EXTI3_IRQHandler
                0x08001d68                I2C3_ER_IRQHandler
                0x08001d68                EXTI0_IRQHandler
                0x08001d68                FPU_IRQHandler
                0x08001d68                TIM1_UP_TIM16_IRQHandler
                0x08001d68                TIM6_DAC_IRQHandler
                0x08001d68                DMA1_Channel4_IRQHandler
                0x08001d68                ADC1_IRQHandler
                0x08001d68                USART3_IRQHandler
                0x08001d68                DMA1_Channel7_IRQHandler
                0x08001d68                I2C1_EV_IRQHandler
                0x08001d68                DMA1_Channel6_IRQHandler
                0x08001d68                RCC_IRQHandler
                0x08001d68                DMA1_Channel1_IRQHandler
                0x08001d68                Default_Handler
                0x08001d68                EXTI15_10_IRQHandler
                0x08001d68                COMP2_IRQHandler
                0x08001d68                I2C3_EV_IRQHandler
                0x08001d68                EXTI9_5_IRQHandler
                0x08001d68                RTC_WKUP_IRQHandler
                0x08001d68                SPI2_IRQHandler
                0x08001d68                DMA1_Channel5_IRQHandler
                0x08001d68                EXTI4_IRQHandler
                0x08001d68                TIM1_TRG_COM_TIM17_IRQHandler
                0x08001d68                DMA1_Channel3_IRQHandler
                0x08001d68                WWDG_IRQHandler
                0x08001d68                TIM2_IRQHandler
                0x08001d68                EXTI1_IRQHandler
                0x08001d68                COMP4_6_IRQHandler
                0x08001d68                USART2_IRQHandler
                0x08001d68                DMA1_Channel2_IRQHandler
                0x08001d68                FLASH_IRQHandler
                0x08001d68                USART1_IRQHandler
                0x08001d68                SPI3_IRQHandler
                0x08001d68                I2C1_ER_IRQHandler
                0x08001d68                EXTI2_TSC_IRQHandler
                0x08001d68                TIM1_BRK_TIM15_IRQHandler
 *fill*         0x08001d6a        0x2 
 .text.HAL_Init
                0x08001d6c       0x2c ./Drivers/STM32F3xx_HAL_Driver/Src/stm32f3xx_hal.o
                0x08001d6c                HAL_Init
 .text.HAL_InitTick
                0x08001d98       0x60 ./Drivers/STM32F3xx_HAL_Driver/Src/stm32f3xx_hal.o
                0x08001d98                HAL_InitTick
 .text.HAL_IncTick
                0x08001df8       0x28 ./Drivers/STM32F3xx_HAL_Driver/Src/stm32f3xx_hal.o
                0x08001df8                HAL_IncTick
 .text.HAL_GetTick
                0x08001e20       0x18 ./Drivers/STM32F3xx_HAL_Driver/Src/stm32f3xx_hal.o
                0x08001e20                HAL_GetTick
 .text.HAL_Delay
                0x08001e38       0x48 ./Drivers/STM32F3xx_HAL_Driver/Src/stm32f3xx_hal.o
                0x08001e38                HAL_Delay
 .text.HAL_ADC_Init
                0x08001e80      0x30c ./Drivers/STM32F3xx_HAL_Driver/Src/stm32f3xx_hal_adc_ex.o
                0x08001e80                HAL_ADC_Init
 .text.HAL_ADC_Start
                0x0800218c       0xda ./Drivers/STM32F3xx_HAL_Driver/Src/stm32f3xx_hal_adc_ex.o
                0x0800218c                HAL_ADC_Start
 *fill*         0x08002266        0x2 
 .text.HAL_ADC_PollForConversion
                0x08002268      0x17c ./Drivers/STM32F3xx_HAL_Driver/Src/stm32f3xx_hal_adc_ex.o
                0x08002268                HAL_ADC_PollForConversion
 .text.HAL_ADC_GetValue
                0x080023e4       0x1a ./Drivers/STM32F3xx_HAL_Driver/Src/stm32f3xx_hal_adc_ex.o
                0x080023e4                HAL_ADC_GetValue
 *fill*         0x080023fe        0x2 
 .text.HAL_ADC_ConfigChannel
                0x08002400      0x564 ./Drivers/STM32F3xx_HAL_Driver/Src/stm32f3xx_hal_adc_ex.o
                0x08002400                HAL_ADC_ConfigChannel
 .text.ADC_Enable
                0x08002964       0xc8 ./Drivers/STM32F3xx_HAL_Driver/Src/stm32f3xx_hal_adc_ex.o
 .text.ADC_Disable
                0x08002a2c       0xcc ./Drivers/STM32F3xx_HAL_Driver/Src/stm32f3xx_hal_adc_ex.o
 .text.__NVIC_SetPriorityGrouping
                0x08002af8       0x48 ./Drivers/STM32F3xx_HAL_Driver/Src/stm32f3xx_hal_cortex.o
 .text.__NVIC_GetPriorityGrouping
                0x08002b40       0x1c ./Drivers/STM32F3xx_HAL_Driver/Src/stm32f3xx_hal_cortex.o
 .text.__NVIC_EnableIRQ
                0x08002b5c       0x3c ./Drivers/STM32F3xx_HAL_Driver/Src/stm32f3xx_hal_cortex.o
 .text.__NVIC_SetPriority
                0x08002b98       0x54 ./Drivers/STM32F3xx_HAL_Driver/Src/stm32f3xx_hal_cortex.o
 .text.NVIC_EncodePriority
                0x08002bec       0x66 ./Drivers/STM32F3xx_HAL_Driver/Src/stm32f3xx_hal_cortex.o
 *fill*         0x08002c52        0x2 
 .text.SysTick_Config
                0x08002c54       0x44 ./Drivers/STM32F3xx_HAL_Driver/Src/stm32f3xx_hal_cortex.o
 .text.HAL_NVIC_SetPriorityGrouping
                0x08002c98       0x16 ./Drivers/STM32F3xx_HAL_Driver/Src/stm32f3xx_hal_cortex.o
                0x08002c98                HAL_NVIC_SetPriorityGrouping
 .text.HAL_NVIC_SetPriority
                0x08002cae       0x38 ./Drivers/STM32F3xx_HAL_Driver/Src/stm32f3xx_hal_cortex.o
                0x08002cae                HAL_NVIC_SetPriority
 .text.HAL_NVIC_EnableIRQ
                0x08002ce6       0x1c ./Drivers/STM32F3xx_HAL_Driver/Src/stm32f3xx_hal_cortex.o
                0x08002ce6                HAL_NVIC_EnableIRQ
 .text.HAL_SYSTICK_Config
                0x08002d02       0x18 ./Drivers/STM32F3xx_HAL_Driver/Src/stm32f3xx_hal_cortex.o
                0x08002d02                HAL_SYSTICK_Config
 .text.HAL_DMA_Abort_IT
                0x08002d1a       0x7c ./Drivers/STM32F3xx_HAL_Driver/Src/stm32f3xx_hal_dma.o
                0x08002d1a                HAL_DMA_Abort_IT
 .text.HAL_DMA_GetState
                0x08002d96       0x1a ./Drivers/STM32F3xx_HAL_Driver/Src/stm32f3xx_hal_dma.o
                0x08002d96                HAL_DMA_GetState
 .text.HAL_GPIO_Init
                0x08002db0      0x2e4 ./Drivers/STM32F3xx_HAL_Driver/Src/stm32f3xx_hal_gpio.o
                0x08002db0                HAL_GPIO_Init
 .text.HAL_GPIO_WritePin
                0x08003094       0x30 ./Drivers/STM32F3xx_HAL_Driver/Src/stm32f3xx_hal_gpio.o
                0x08003094                HAL_GPIO_WritePin
 .text.HAL_I2C_Init
                0x080030c4      0x136 ./Drivers/STM32F3xx_HAL_Driver/Src/stm32f3xx_hal_i2c.o
                0x080030c4                HAL_I2C_Init
 *fill*         0x080031fa        0x2 
 .text.HAL_I2C_Slave_Seq_Transmit_IT
                0x080031fc      0x164 ./Drivers/STM32F3xx_HAL_Driver/Src/stm32f3xx_hal_i2c.o
                0x080031fc                HAL_I2C_Slave_Seq_Transmit_IT
 .text.HAL_I2C_Slave_Seq_Receive_IT
                0x08003360      0x164 ./Drivers/STM32F3xx_HAL_Driver/Src/stm32f3xx_hal_i2c.o
                0x08003360                HAL_I2C_Slave_Seq_Receive_IT
 .text.HAL_I2C_EnableListen_IT
                0x080034c4       0x40 ./Drivers/STM32F3xx_HAL_Driver/Src/stm32f3xx_hal_i2c.o
                0x080034c4                HAL_I2C_EnableListen_IT
 .text.HAL_I2C_EV_IRQHandler
                0x08003504       0x34 ./Drivers/STM32F3xx_HAL_Driver/Src/stm32f3xx_hal_i2c.o
                0x08003504                HAL_I2C_EV_IRQHandler
 .text.HAL_I2C_ER_IRQHandler
                0x08003538       0xb6 ./Drivers/STM32F3xx_HAL_Driver/Src/stm32f3xx_hal_i2c.o
                0x08003538                HAL_I2C_ER_IRQHandler
 .text.HAL_I2C_MasterTxCpltCallback
                0x080035ee       0x14 ./Drivers/STM32F3xx_HAL_Driver/Src/stm32f3xx_hal_i2c.o
                0x080035ee                HAL_I2C_MasterTxCpltCallback
 .text.HAL_I2C_MasterRxCpltCallback
                0x08003602       0x14 ./Drivers/STM32F3xx_HAL_Driver/Src/stm32f3xx_hal_i2c.o
                0x08003602                HAL_I2C_MasterRxCpltCallback
 .text.HAL_I2C_MemTxCpltCallback
                0x08003616       0x14 ./Drivers/STM32F3xx_HAL_Driver/Src/stm32f3xx_hal_i2c.o
                0x08003616                HAL_I2C_MemTxCpltCallback
 .text.HAL_I2C_MemRxCpltCallback
                0x0800362a       0x14 ./Drivers/STM32F3xx_HAL_Driver/Src/stm32f3xx_hal_i2c.o
                0x0800362a                HAL_I2C_MemRxCpltCallback
 .text.HAL_I2C_AbortCpltCallback
                0x0800363e       0x14 ./Drivers/STM32F3xx_HAL_Driver/Src/stm32f3xx_hal_i2c.o
                0x0800363e                HAL_I2C_AbortCpltCallback
 .text.HAL_I2C_GetError
                0x08003652       0x18 ./Drivers/STM32F3xx_HAL_Driver/Src/stm32f3xx_hal_i2c.o
                0x08003652                HAL_I2C_GetError
 .text.I2C_Slave_ISR_IT
                0x0800366a      0x1f2 ./Drivers/STM32F3xx_HAL_Driver/Src/stm32f3xx_hal_i2c.o
 .text.I2C_Master_ISR_DMA
                0x0800385c      0x1f2 ./Drivers/STM32F3xx_HAL_Driver/Src/stm32f3xx_hal_i2c.o
 *fill*         0x08003a4e        0x2 
 .text.I2C_Mem_ISR_DMA
                0x08003a50      0x288 ./Drivers/STM32F3xx_HAL_Driver/Src/stm32f3xx_hal_i2c.o
 .text.I2C_Slave_ISR_DMA
                0x08003cd8      0x1ae ./Drivers/STM32F3xx_HAL_Driver/Src/stm32f3xx_hal_i2c.o
 .text.I2C_ITAddrCplt
                0x08003e86      0x108 ./Drivers/STM32F3xx_HAL_Driver/Src/stm32f3xx_hal_i2c.o
 .text.I2C_ITMasterSeqCplt
                0x08003f8e       0x7a ./Drivers/STM32F3xx_HAL_Driver/Src/stm32f3xx_hal_i2c.o
 .text.I2C_ITSlaveSeqCplt
                0x08004008       0xb8 ./Drivers/STM32F3xx_HAL_Driver/Src/stm32f3xx_hal_i2c.o
 .text.I2C_ITMasterCplt
                0x080040c0      0x190 ./Drivers/STM32F3xx_HAL_Driver/Src/stm32f3xx_hal_i2c.o
 .text.I2C_ITSlaveCplt
                0x08004250      0x2c8 ./Drivers/STM32F3xx_HAL_Driver/Src/stm32f3xx_hal_i2c.o
 .text.I2C_ITListenCplt
                0x08004518       0xa8 ./Drivers/STM32F3xx_HAL_Driver/Src/stm32f3xx_hal_i2c.o
 .text.I2C_ITError
                0x080045c0      0x1e0 ./Drivers/STM32F3xx_HAL_Driver/Src/stm32f3xx_hal_i2c.o
 .text.I2C_TreatErrorCallback
                0x080047a0       0x4e ./Drivers/STM32F3xx_HAL_Driver/Src/stm32f3xx_hal_i2c.o
 .text.I2C_Flush_TXDR
                0x080047ee       0x48 ./Drivers/STM32F3xx_HAL_Driver/Src/stm32f3xx_hal_i2c.o
 .text.I2C_DMAAbort
                0x08004836       0x3c ./Drivers/STM32F3xx_HAL_Driver/Src/stm32f3xx_hal_i2c.o
 *fill*         0x08004872        0x2 
 .text.I2C_TransferConfig
                0x08004874       0x64 ./Drivers/STM32F3xx_HAL_Driver/Src/stm32f3xx_hal_i2c.o
 .text.I2C_Enable_IRQ
                0x080048d8      0x108 ./Drivers/STM32F3xx_HAL_Driver/Src/stm32f3xx_hal_i2c.o
 .text.I2C_Disable_IRQ
                0x080049e0       0xbc ./Drivers/STM32F3xx_HAL_Driver/Src/stm32f3xx_hal_i2c.o
 .text.HAL_I2CEx_ConfigAnalogFilter
                0x08004a9c       0x96 ./Drivers/STM32F3xx_HAL_Driver/Src/stm32f3xx_hal_i2c_ex.o
                0x08004a9c                HAL_I2CEx_ConfigAnalogFilter
 .text.HAL_I2CEx_ConfigDigitalFilter
                0x08004b32       0x98 ./Drivers/STM32F3xx_HAL_Driver/Src/stm32f3xx_hal_i2c_ex.o
                0x08004b32                HAL_I2CEx_ConfigDigitalFilter
 *fill*         0x08004bca        0x2 
 .text.HAL_RCC_OscConfig
                0x08004bcc     0x107c ./Drivers/STM32F3xx_HAL_Driver/Src/stm32f3xx_hal_rcc.o
                0x08004bcc                HAL_RCC_OscConfig
 .text.HAL_RCC_ClockConfig
                0x08005c48      0x2f8 ./Drivers/STM32F3xx_HAL_Driver/Src/stm32f3xx_hal_rcc.o
                0x08005c48                HAL_RCC_ClockConfig
 .text.HAL_RCC_GetSysClockFreq
                0x08005f40       0xa8 ./Drivers/STM32F3xx_HAL_Driver/Src/stm32f3xx_hal_rcc.o
                0x08005f40                HAL_RCC_GetSysClockFreq
 .text.HAL_RCCEx_PeriphCLKConfig
                0x08005fe8      0x308 ./Drivers/STM32F3xx_HAL_Driver/Src/stm32f3xx_hal_rcc_ex.o
                0x08005fe8                HAL_RCCEx_PeriphCLKConfig
 .text.memset   0x080062f0       0x10 /opt/stm32cubeide/plugins/com.st.stm32cube.ide.mcu.externaltools.gnu-tools-for-stm32.12.3.rel1.linux64_1.0.200.202406132123/tools/bin/../lib/gcc/arm-none-eabi/12.3.1/../../../../arm-none-eabi/lib/thumb/v7e-m+fp/hard/libc_nano.a(libc_a-memset.o)
                0x080062f0                memset
 .text.__errno  0x08006300        0xc /opt/stm32cubeide/plugins/com.st.stm32cube.ide.mcu.externaltools.gnu-tools-for-stm32.12.3.rel1.linux64_1.0.200.202406132123/tools/bin/../lib/gcc/arm-none-eabi/12.3.1/../../../../arm-none-eabi/lib/thumb/v7e-m+fp/hard/libc_nano.a(libc_a-errno.o)
                0x08006300                __errno
 .text.__libc_init_array
                0x0800630c       0x48 /opt/stm32cubeide/plugins/com.st.stm32cube.ide.mcu.externaltools.gnu-tools-for-stm32.12.3.rel1.linux64_1.0.200.202406132123/tools/bin/../lib/gcc/arm-none-eabi/12.3.1/../../../../arm-none-eabi/lib/thumb/v7e-m+fp/hard/libc_nano.a(libc_a-init.o)
                0x0800630c                __libc_init_array
 .text.pow      0x08006354       0xe0 /opt/stm32cubeide/plugins/com.st.stm32cube.ide.mcu.externaltools.gnu-tools-for-stm32.12.3.rel1.linux64_1.0.200.202406132123/tools/bin/../lib/gcc/arm-none-eabi/12.3.1/../../../../arm-none-eabi/lib/thumb/v7e-m+fp/hard/libm.a(libm_a-w_pow.o)
                0x08006354                pow
 .text.finite   0x08006434       0x16 /opt/stm32cubeide/plugins/com.st.stm32cube.ide.mcu.externaltools.gnu-tools-for-stm32.12.3.rel1.linux64_1.0.200.202406132123/tools/bin/../lib/gcc/arm-none-eabi/12.3.1/../../../../arm-none-eabi/lib/thumb/v7e-m+fp/hard/libm.a(libm_a-s_finite.o)
                0x08006434                finite
 *fill*         0x0800644a        0x6 
 .text.__ieee754_pow
                0x08006450      0xa88 /opt/stm32cubeide/plugins/com.st.stm32cube.ide.mcu.externaltools.gnu-tools-for-stm32.12.3.rel1.linux64_1.0.200.202406132123/tools/bin/../lib/gcc/arm-none-eabi/12.3.1/../../../../arm-none-eabi/lib/thumb/v7e-m+fp/hard/libm.a(libm_a-e_pow.o)
                0x08006450                __ieee754_pow
 .text.fabs     0x08006ed8       0x10 /opt/stm32cubeide/plugins/com.st.stm32cube.ide.mcu.externaltools.gnu-tools-for-stm32.12.3.rel1.linux64_1.0.200.202406132123/tools/bin/../lib/gcc/arm-none-eabi/12.3.1/../../../../arm-none-eabi/lib/thumb/v7e-m+fp/hard/libm.a(libm_a-s_fabs.o)
                0x08006ed8                fabs
 .text.scalbn   0x08006ee8       0xfc /opt/stm32cubeide/plugins/com.st.stm32cube.ide.mcu.externaltools.gnu-tools-for-stm32.12.3.rel1.linux64_1.0.200.202406132123/tools/bin/../lib/gcc/arm-none-eabi/12.3.1/../../../../arm-none-eabi/lib/thumb/v7e-m+fp/hard/libm.a(libm_a-s_scalbn.o)
                0x08006ee8                scalbn
 .text.with_errno
                0x08006fe4       0x24 /opt/stm32cubeide/plugins/com.st.stm32cube.ide.mcu.externaltools.gnu-tools-for-stm32.12.3.rel1.linux64_1.0.200.202406132123/tools/bin/../lib/gcc/arm-none-eabi/12.3.1/../../../../arm-none-eabi/lib/thumb/v7e-m+fp/hard/libm.a(libm_a-math_err.o)
 .text.xflow    0x08007008       0x32 /opt/stm32cubeide/plugins/com.st.stm32cube.ide.mcu.externaltools.gnu-tools-for-stm32.12.3.rel1.linux64_1.0.200.202406132123/tools/bin/../lib/gcc/arm-none-eabi/12.3.1/../../../../arm-none-eabi/lib/thumb/v7e-m+fp/hard/libm.a(libm_a-math_err.o)
 *fill*         0x0800703a        0x6 
 .text.__math_uflow
                0x08007040       0x10 /opt/stm32cubeide/plugins/com.st.stm32cube.ide.mcu.externaltools.gnu-tools-for-stm32.12.3.rel1.linux64_1.0.200.202406132123/tools/bin/../lib/gcc/arm-none-eabi/12.3.1/../../../../arm-none-eabi/lib/thumb/v7e-m+fp/hard/libm.a(libm_a-math_err.o)
                0x08007040                __math_uflow
 .text.__math_oflow
                0x08007050       0x10 /opt/stm32cubeide/plugins/com.st.stm32cube.ide.mcu.externaltools.gnu-tools-for-stm32.12.3.rel1.linux64_1.0.200.202406132123/tools/bin/../lib/gcc/arm-none-eabi/12.3.1/../../../../arm-none-eabi/lib/thumb/v7e-m+fp/hard/libm.a(libm_a-math_err.o)
                0x08007050                __math_oflow
 .text.__ieee754_sqrt
                0x08007060      0x1b4 /opt/stm32cubeide/plugins/com.st.stm32cube.ide.mcu.externaltools.gnu-tools-for-stm32.12.3.rel1.linux64_1.0.200.202406132123/tools/bin/../lib/gcc/arm-none-eabi/12.3.1/../../../../arm-none-eabi/lib/thumb/v7e-m+fp/hard/libm.a(libm_a-e_sqrt.o)
                0x08007060                __ieee754_sqrt
 *(.glue_7)
 .glue_7        0x08007214        0x0 linker stubs
 *(.glue_7t)
 .glue_7t       0x08007214        0x0 linker stubs
 *(.eh_frame)
 .eh_frame      0x08007214        0x0 /opt/stm32cubeide/plugins/com.st.stm32cube.ide.mcu.externaltools.gnu-tools-for-stm32.12.3.rel1.linux64_1.0.200.202406132123/tools/bin/../lib/gcc/arm-none-eabi/12.3.1/thumb/v7e-m+fp/hard/crtbegin.o
 *(.init)
 .init          0x08007214        0x4 /opt/stm32cubeide/plugins/com.st.stm32cube.ide.mcu.externaltools.gnu-tools-for-stm32.12.3.rel1.linux64_1.0.200.202406132123/tools/bin/../lib/gcc/arm-none-eabi/12.3.1/thumb/v7e-m+fp/hard/crti.o
                0x08007214                _init
 .init          0x08007218        0x8 /opt/stm32cubeide/plugins/com.st.stm32cube.ide.mcu.externaltools.gnu-tools-for-stm32.12.3.rel1.linux64_1.0.200.202406132123/tools/bin/../lib/gcc/arm-none-eabi/12.3.1/thumb/v7e-m+fp/hard/crtn.o
 *(.fini)
 .fini          0x08007220        0x4 /opt/stm32cubeide/plugins/com.st.stm32cube.ide.mcu.externaltools.gnu-tools-for-stm32.12.3.rel1.linux64_1.0.200.202406132123/tools/bin/../lib/gcc/arm-none-eabi/12.3.1/thumb/v7e-m+fp/hard/crti.o
                0x08007220                _fini
 .fini          0x08007224        0x8 /opt/stm32cubeide/plugins/com.st.stm32cube.ide.mcu.externaltools.gnu-tools-for-stm32.12.3.rel1.linux64_1.0.200.202406132123/tools/bin/../lib/gcc/arm-none-eabi/12.3.1/thumb/v7e-m+fp/hard/crtn.o
                0x0800722c                        . = ALIGN (0x4)
                0x0800722c                        _etext = .

.vfp11_veneer   0x0800722c        0x0
 .vfp11_veneer  0x0800722c        0x0 linker stubs

.v4_bx          0x0800722c        0x0
 .v4_bx         0x0800722c        0x0 linker stubs

.iplt           0x0800722c        0x0
 .iplt          0x0800722c        0x0 /opt/stm32cubeide/plugins/com.st.stm32cube.ide.mcu.externaltools.gnu-tools-for-stm32.12.3.rel1.linux64_1.0.200.202406132123/tools/bin/../lib/gcc/arm-none-eabi/12.3.1/thumb/v7e-m+fp/hard/crtbegin.o

.rodata         0x08007230       0x70
                0x08007230                        . = ALIGN (0x4)
 *(.rodata)
 .rodata        0x08007230        0xf ./Core/Src/main.o
 *(.rodata*)
 *fill*         0x0800723f        0x1 
 .rodata.AHBPrescTable
                0x08007240       0x10 ./Core/Src/system_stm32f3xx.o
                0x08007240                AHBPrescTable
 .rodata.aPLLMULFactorTable
                0x08007250       0x10 ./Drivers/STM32F3xx_HAL_Driver/Src/stm32f3xx_hal_rcc.o
 .rodata.aPredivFactorTable
                0x08007260       0x10 ./Drivers/STM32F3xx_HAL_Driver/Src/stm32f3xx_hal_rcc.o
 .rodata.dp_l   0x08007270       0x10 /opt/stm32cubeide/plugins/com.st.stm32cube.ide.mcu.externaltools.gnu-tools-for-stm32.12.3.rel1.linux64_1.0.200.202406132123/tools/bin/../lib/gcc/arm-none-eabi/12.3.1/../../../../arm-none-eabi/lib/thumb/v7e-m+fp/hard/libm.a(libm_a-e_pow.o)
 .rodata.dp_h   0x08007280       0x10 /opt/stm32cubeide/plugins/com.st.stm32cube.ide.mcu.externaltools.gnu-tools-for-stm32.12.3.rel1.linux64_1.0.200.202406132123/tools/bin/../lib/gcc/arm-none-eabi/12.3.1/../../../../arm-none-eabi/lib/thumb/v7e-m+fp/hard/libm.a(libm_a-e_pow.o)
 .rodata.bp     0x08007290       0x10 /opt/stm32cubeide/plugins/com.st.stm32cube.ide.mcu.externaltools.gnu-tools-for-stm32.12.3.rel1.linux64_1.0.200.202406132123/tools/bin/../lib/gcc/arm-none-eabi/12.3.1/../../../../arm-none-eabi/lib/thumb/v7e-m+fp/hard/libm.a(libm_a-e_pow.o)
                0x080072a0                        . = ALIGN (0x4)

.ARM.extab      0x080072a0        0x0
                0x080072a0                        . = ALIGN (0x4)
 *(.ARM.extab* .gnu.linkonce.armextab.*)
                0x080072a0                        . = ALIGN (0x4)

.ARM            0x080072a0        0x0
                0x080072a0                        . = ALIGN (0x4)
                0x080072a0                        __exidx_start = .
 *(.ARM.exidx*)
                0x080072a0                        __exidx_end = .
                0x080072a0                        . = ALIGN (0x4)

.preinit_array  0x080072a0        0x0
                0x080072a0                        . = ALIGN (0x4)
                0x080072a0                        PROVIDE (__preinit_array_start = .)
 *(.preinit_array*)
                0x080072a0                        PROVIDE (__preinit_array_end = .)
                0x080072a0                        . = ALIGN (0x4)

.init_array     0x080072a0        0x4
                0x080072a0                        . = ALIGN (0x4)
                0x080072a0                        PROVIDE (__init_array_start = .)
 *(SORT_BY_NAME(.init_array.*))
 *(.init_array*)
 .init_array    0x080072a0        0x4 /opt/stm32cubeide/plugins/com.st.stm32cube.ide.mcu.externaltools.gnu-tools-for-stm32.12.3.rel1.linux64_1.0.200.202406132123/tools/bin/../lib/gcc/arm-none-eabi/12.3.1/thumb/v7e-m+fp/hard/crtbegin.o
                0x080072a4                        PROVIDE (__init_array_end = .)
                0x080072a4                        . = ALIGN (0x4)

.fini_array     0x080072a4        0x4
                0x080072a4                        . = ALIGN (0x4)
                [!provide]                        PROVIDE (__fini_array_start = .)
 *(SORT_BY_NAME(.fini_array.*))
 *(.fini_array*)
 .fini_array    0x080072a4        0x4 /opt/stm32cubeide/plugins/com.st.stm32cube.ide.mcu.externaltools.gnu-tools-for-stm32.12.3.rel1.linux64_1.0.200.202406132123/tools/bin/../lib/gcc/arm-none-eabi/12.3.1/thumb/v7e-m+fp/hard/crtbegin.o
                [!provide]                        PROVIDE (__fini_array_end = .)
                0x080072a8                        . = ALIGN (0x4)
                0x080072a8                        _sidata = LOADADDR (.data)

.rel.dyn        0x080072a8        0x0
 .rel.iplt      0x080072a8        0x0 /opt/stm32cubeide/plugins/com.st.stm32cube.ide.mcu.externaltools.gnu-tools-for-stm32.12.3.rel1.linux64_1.0.200.202406132123/tools/bin/../lib/gcc/arm-none-eabi/12.3.1/thumb/v7e-m+fp/hard/crtbegin.o

.data           0x20000000       0xa0 load address 0x080072a8
                0x20000000                        . = ALIGN (0x4)
                0x20000000                        _sdata = .
 *(.data)
 *(.data*)
 .data.settings
                0x20000000       0x20 ./Core/Src/SettingsStore.o
                0x20000000                settings
 .data.TX_TEMPLATE
                0x20000020       0x10 ./Core/Src/exp_i2c_slave.o
 .data.SystemCoreClock
                0x20000030        0x4 ./Core/Src/system_stm32f3xx.o
                0x20000030                SystemCoreClock
 .data.uwTickPrio
                0x20000034        0x4 ./Drivers/STM32F3xx_HAL_Driver/Src/stm32f3xx_hal.o
                0x20000034                uwTickPrio
 .data.uwTickFreq
                0x20000038        0x1 ./Drivers/STM32F3xx_HAL_Driver/Src/stm32f3xx_hal.o
                0x20000038                uwTickFreq
 *fill*         0x20000039        0x3 
 .data._impure_ptr
                0x2000003c        0x4 /opt/stm32cubeide/plugins/com.st.stm32cube.ide.mcu.externaltools.gnu-tools-for-stm32.12.3.rel1.linux64_1.0.200.202406132123/tools/bin/../lib/gcc/arm-none-eabi/12.3.1/../../../../arm-none-eabi/lib/thumb/v7e-m+fp/hard/libc_nano.a(libc_a-impure.o)
                0x2000003c                _impure_ptr
 .data._impure_data
                0x20000040       0x4c /opt/stm32cubeide/plugins/com.st.stm32cube.ide.mcu.externaltools.gnu-tools-for-stm32.12.3.rel1.linux64_1.0.200.202406132123/tools/bin/../lib/gcc/arm-none-eabi/12.3.1/../../../../arm-none-eabi/lib/thumb/v7e-m+fp/hard/libc_nano.a(libc_a-impure.o)
                0x20000040                _impure_data
 *fill*         0x2000008c        0x4 
 .data.tiny     0x20000090        0x8 /opt/stm32cubeide/plugins/com.st.stm32cube.ide.mcu.externaltools.gnu-tools-for-stm32.12.3.rel1.linux64_1.0.200.202406132123/tools/bin/../lib/gcc/arm-none-eabi/12.3.1/../../../../arm-none-eabi/lib/thumb/v7e-m+fp/hard/libm.a(libm_a-e_sqrt.o)
 .data.one      0x20000098        0x8 /opt/stm32cubeide/plugins/com.st.stm32cube.ide.mcu.externaltools.gnu-tools-for-stm32.12.3.rel1.linux64_1.0.200.202406132123/tools/bin/../lib/gcc/arm-none-eabi/12.3.1/../../../../arm-none-eabi/lib/thumb/v7e-m+fp/hard/libm.a(libm_a-e_sqrt.o)
 *(.RamFunc)
 *(.RamFunc*)
                0x200000a0                        . = ALIGN (0x4)
                0x200000a0                        _edata = .

.igot.plt       0x200000a0        0x0 load address 0x08007348
 .igot.plt      0x200000a0        0x0 /opt/stm32cubeide/plugins/com.st.stm32cube.ide.mcu.externaltools.gnu-tools-for-stm32.12.3.rel1.linux64_1.0.200.202406132123/tools/bin/../lib/gcc/arm-none-eabi/12.3.1/thumb/v7e-m+fp/hard/crtbegin.o
                0x200000a0                        . = ALIGN (0x4)

.bss            0x200000a0     0x2620 load address 0x08007348
                0x200000a0                        _sbss = .
                0x200000a0                        __bss_start__ = _sbss
 *(.bss)
 .bss           0x200000a0       0x1c /opt/stm32cubeide/plugins/com.st.stm32cube.ide.mcu.externaltools.gnu-tools-for-stm32.12.3.rel1.linux64_1.0.200.202406132123/tools/bin/../lib/gcc/arm-none-eabi/12.3.1/thumb/v7e-m+fp/hard/crtbegin.o
 *(.bss*)
 .bss.request_queue
                0x200000bc     0x1400 ./Core/Src/RequestQueue.o
 .bss.head      0x200014bc        0x1 ./Core/Src/RequestQueue.o
 .bss.tail      0x200014bd        0x1 ./Core/Src/RequestQueue.o
 .bss.size      0x200014be        0x1 ./Core/Src/RequestQueue.o
 *fill*         0x200014bf        0x1 
 .bss.RxData    0x200014c0        0x8 ./Core/Src/exp_i2c_slave.o
 .bss.TxData    0x200014c8       0x10 ./Core/Src/exp_i2c_slave.o
 .bss.rxcount   0x200014d8        0x1 ./Core/Src/exp_i2c_slave.o
                0x200014d8                rxcount
 .bss.txcount   0x200014d9        0x1 ./Core/Src/exp_i2c_slave.o
                0x200014d9                txcount
 .bss.bytesTransd
                0x200014da        0x1 ./Core/Src/exp_i2c_slave.o
                0x200014da                bytesTransd
 *fill*         0x200014db        0x1 
 .bss.queue     0x200014dc     0x1003 ./Core/Src/i2c_queue.o
                0x200014dc                queue
 *fill*         0x200024df        0x1 
 .bss.hadc1     0x200024e0       0x50 ./Core/Src/main.o
                0x200024e0                hadc1
 .bss.hi2c2     0x20002530       0x54 ./Core/Src/main.o
                0x20002530                hi2c2
 .bss.uwTick    0x20002584        0x4 ./Drivers/STM32F3xx_HAL_Driver/Src/stm32f3xx_hal.o
                0x20002584                uwTick
 .bss.__sf      0x20002588      0x138 /opt/stm32cubeide/plugins/com.st.stm32cube.ide.mcu.externaltools.gnu-tools-for-stm32.12.3.rel1.linux64_1.0.200.202406132123/tools/bin/../lib/gcc/arm-none-eabi/12.3.1/../../../../arm-none-eabi/lib/thumb/v7e-m+fp/hard/libc_nano.a(libc_a-findfp.o)
                0x20002588                __sf
 *(COMMON)
                0x200026c0                        . = ALIGN (0x4)
                0x200026c0                        _ebss = .
                0x200026c0                        __bss_end__ = _ebss

._user_heap_stack
                0x200026c0      0x600 load address 0x08007348
                0x200026c0                        . = ALIGN (0x8)
                [!provide]                        PROVIDE (end = .)
                0x200026c0                        PROVIDE (_end = .)
                0x200028c0                        . = (. + _Min_Heap_Size)
 *fill*         0x200026c0      0x200 
                0x20002cc0                        . = (. + _Min_Stack_Size)
 *fill*         0x200028c0      0x400 
                0x20002cc0                        . = ALIGN (0x8)

/DISCARD/
 libc.a(*)
 libm.a(*)
 libgcc.a(*)

.ARM.attributes
                0x00000000       0x30
 *(.ARM.attributes)
 .ARM.attributes
                0x00000000       0x22 /opt/stm32cubeide/plugins/com.st.stm32cube.ide.mcu.externaltools.gnu-tools-for-stm32.12.3.rel1.linux64_1.0.200.202406132123/tools/bin/../lib/gcc/arm-none-eabi/12.3.1/thumb/v7e-m+fp/hard/crti.o
 .ARM.attributes
                0x00000022       0x34 /opt/stm32cubeide/plugins/com.st.stm32cube.ide.mcu.externaltools.gnu-tools-for-stm32.12.3.rel1.linux64_1.0.200.202406132123/tools/bin/../lib/gcc/arm-none-eabi/12.3.1/thumb/v7e-m+fp/hard/crtbegin.o
 .ARM.attributes
                0x00000056       0x34 ./Core/Src/Checksum.o
 .ARM.attributes
                0x0000008a       0x34 ./Core/Src/Measurements.o
 .ARM.attributes
                0x000000be       0x34 ./Core/Src/RequestQueue.o
 .ARM.attributes
                0x000000f2       0x34 ./Core/Src/SettingsStore.o
 .ARM.attributes
                0x00000126       0x34 ./Core/Src/exp_i2c_slave.o
 .ARM.attributes
                0x0000015a       0x34 ./Core/Src/i2c_queue.o
 .ARM.attributes
                0x0000018e       0x34 ./Core/Src/main.o
 .ARM.attributes
                0x000001c2       0x34 ./Core/Src/stm32f3xx_hal_msp.o
 .ARM.attributes
                0x000001f6       0x34 ./Core/Src/stm32f3xx_it.o
 .ARM.attributes
                0x0000022a       0x34 ./Core/Src/system_stm32f3xx.o
 .ARM.attributes
                0x0000025e       0x34 ./Core/Src/Commands/ReMeasure.o
 .ARM.attributes
                0x00000292       0x34 ./Core/Src/Commands/SetDur.o
 .ARM.attributes
                0x000002c6       0x34 ./Core/Src/Commands/SetScale.o
 .ARM.attributes
                0x000002fa       0x21 ./Core/Startup/startup_stm32f301k8tx.o
 .ARM.attributes
                0x0000031b       0x34 ./Drivers/STM32F3xx_HAL_Driver/Src/stm32f3xx_hal.o
 .ARM.attributes
                0x0000034f       0x34 ./Drivers/STM32F3xx_HAL_Driver/Src/stm32f3xx_hal_adc_ex.o
 .ARM.attributes
                0x00000383       0x34 ./Drivers/STM32F3xx_HAL_Driver/Src/stm32f3xx_hal_cortex.o
 .ARM.attributes
                0x000003b7       0x34 ./Drivers/STM32F3xx_HAL_Driver/Src/stm32f3xx_hal_dma.o
 .ARM.attributes
                0x000003eb       0x34 ./Drivers/STM32F3xx_HAL_Driver/Src/stm32f3xx_hal_gpio.o
 .ARM.attributes
                0x0000041f       0x34 ./Drivers/STM32F3xx_HAL_Driver/Src/stm32f3xx_hal_i2c.o
 .ARM.attributes
                0x00000453       0x34 ./Drivers/STM32F3xx_HAL_Driver/Src/stm32f3xx_hal_i2c_ex.o
 .ARM.attributes
                0x00000487       0x34 ./Drivers/STM32F3xx_HAL_Driver/Src/stm32f3xx_hal_rcc.o
 .ARM.attributes
                0x000004bb       0x34 ./Drivers/STM32F3xx_HAL_Driver/Src/stm32f3xx_hal_rcc_ex.o
 .ARM.attributes
                0x000004ef       0x34 /opt/stm32cubeide/plugins/com.st.stm32cube.ide.mcu.externaltools.gnu-tools-for-stm32.12.3.rel1.linux64_1.0.200.202406132123/tools/bin/../lib/gcc/arm-none-eabi/12.3.1/../../../../arm-none-eabi/lib/thumb/v7e-m+fp/hard/libc_nano.a(libc_a-findfp.o)
 .ARM.attributes
                0x00000523       0x34 /opt/stm32cubeide/plugins/com.st.stm32cube.ide.mcu.externaltools.gnu-tools-for-stm32.12.3.rel1.linux64_1.0.200.202406132123/tools/bin/../lib/gcc/arm-none-eabi/12.3.1/../../../../arm-none-eabi/lib/thumb/v7e-m+fp/hard/libc_nano.a(libc_a-memset.o)
 .ARM.attributes
                0x00000557       0x34 /opt/stm32cubeide/plugins/com.st.stm32cube.ide.mcu.externaltools.gnu-tools-for-stm32.12.3.rel1.linux64_1.0.200.202406132123/tools/bin/../lib/gcc/arm-none-eabi/12.3.1/../../../../arm-none-eabi/lib/thumb/v7e-m+fp/hard/libc_nano.a(libc_a-impure.o)
 .ARM.attributes
                0x0000058b       0x34 /opt/stm32cubeide/plugins/com.st.stm32cube.ide.mcu.externaltools.gnu-tools-for-stm32.12.3.rel1.linux64_1.0.200.202406132123/tools/bin/../lib/gcc/arm-none-eabi/12.3.1/../../../../arm-none-eabi/lib/thumb/v7e-m+fp/hard/libc_nano.a(libc_a-errno.o)
 .ARM.attributes
                0x000005bf       0x34 /opt/stm32cubeide/plugins/com.st.stm32cube.ide.mcu.externaltools.gnu-tools-for-stm32.12.3.rel1.linux64_1.0.200.202406132123/tools/bin/../lib/gcc/arm-none-eabi/12.3.1/../../../../arm-none-eabi/lib/thumb/v7e-m+fp/hard/libc_nano.a(libc_a-init.o)
 .ARM.attributes
                0x000005f3       0x34 /opt/stm32cubeide/plugins/com.st.stm32cube.ide.mcu.externaltools.gnu-tools-for-stm32.12.3.rel1.linux64_1.0.200.202406132123/tools/bin/../lib/gcc/arm-none-eabi/12.3.1/../../../../arm-none-eabi/lib/thumb/v7e-m+fp/hard/libm.a(libm_a-w_pow.o)
 .ARM.attributes
                0x00000627       0x34 /opt/stm32cubeide/plugins/com.st.stm32cube.ide.mcu.externaltools.gnu-tools-for-stm32.12.3.rel1.linux64_1.0.200.202406132123/tools/bin/../lib/gcc/arm-none-eabi/12.3.1/../../../../arm-none-eabi/lib/thumb/v7e-m+fp/hard/libm.a(libm_a-s_finite.o)
 .ARM.attributes
                0x0000065b       0x34 /opt/stm32cubeide/plugins/com.st.stm32cube.ide.mcu.externaltools.gnu-tools-for-stm32.12.3.rel1.linux64_1.0.200.202406132123/tools/bin/../lib/gcc/arm-none-eabi/12.3.1/../../../../arm-none-eabi/lib/thumb/v7e-m+fp/hard/libm.a(libm_a-e_pow.o)
 .ARM.attributes
                0x0000068f       0x34 /opt/stm32cubeide/plugins/com.st.stm32cube.ide.mcu.externaltools.gnu-tools-for-stm32.12.3.rel1.linux64_1.0.200.202406132123/tools/bin/../lib/gcc/arm-none-eabi/12.3.1/../../../../arm-none-eabi/lib/thumb/v7e-m+fp/hard/libm.a(libm_a-s_fabs.o)
 .ARM.attributes
                0x000006c3       0x34 /opt/stm32cubeide/plugins/com.st.stm32cube.ide.mcu.externaltools.gnu-tools-for-stm32.12.3.rel1.linux64_1.0.200.202406132123/tools/bin/../lib/gcc/arm-none-eabi/12.3.1/../../../../arm-none-eabi/lib/thumb/v7e-m+fp/hard/libm.a(libm_a-s_scalbn.o)
 .ARM.attributes
                0x000006f7       0x34 /opt/stm32cubeide/plugins/com.st.stm32cube.ide.mcu.externaltools.gnu-tools-for-stm32.12.3.rel1.linux64_1.0.200.202406132123/tools/bin/../lib/gcc/arm-none-eabi/12.3.1/../../../../arm-none-eabi/lib/thumb/v7e-m+fp/hard/libm.a(libm_a-math_err.o)
 .ARM.attributes
                0x0000072b       0x34 /opt/stm32cubeide/plugins/com.st.stm32cube.ide.mcu.externaltools.gnu-tools-for-stm32.12.3.rel1.linux64_1.0.200.202406132123/tools/bin/../lib/gcc/arm-none-eabi/12.3.1/../../../../arm-none-eabi/lib/thumb/v7e-m+fp/hard/libm.a(libm_a-e_sqrt.o)
 .ARM.attributes
                0x0000075f       0x22 /opt/stm32cubeide/plugins/com.st.stm32cube.ide.mcu.externaltools.gnu-tools-for-stm32.12.3.rel1.linux64_1.0.200.202406132123/tools/bin/../lib/gcc/arm-none-eabi/12.3.1/thumb/v7e-m+fp/hard/libgcc.a(_arm_addsubdf3.o)
 .ARM.attributes
                0x00000781       0x22 /opt/stm32cubeide/plugins/com.st.stm32cube.ide.mcu.externaltools.gnu-tools-for-stm32.12.3.rel1.linux64_1.0.200.202406132123/tools/bin/../lib/gcc/arm-none-eabi/12.3.1/thumb/v7e-m+fp/hard/libgcc.a(_arm_muldivdf3.o)
 .ARM.attributes
                0x000007a3       0x22 /opt/stm32cubeide/plugins/com.st.stm32cube.ide.mcu.externaltools.gnu-tools-for-stm32.12.3.rel1.linux64_1.0.200.202406132123/tools/bin/../lib/gcc/arm-none-eabi/12.3.1/thumb/v7e-m+fp/hard/libgcc.a(_arm_cmpdf2.o)
 .ARM.attributes
                0x000007c5       0x22 /opt/stm32cubeide/plugins/com.st.stm32cube.ide.mcu.externaltools.gnu-tools-for-stm32.12.3.rel1.linux64_1.0.200.202406132123/tools/bin/../lib/gcc/arm-none-eabi/12.3.1/thumb/v7e-m+fp/hard/libgcc.a(_arm_unorddf2.o)
 .ARM.attributes
                0x000007e7       0x22 /opt/stm32cubeide/plugins/com.st.stm32cube.ide.mcu.externaltools.gnu-tools-for-stm32.12.3.rel1.linux64_1.0.200.202406132123/tools/bin/../lib/gcc/arm-none-eabi/12.3.1/thumb/v7e-m+fp/hard/libgcc.a(_arm_fixunsdfsi.o)
 .ARM.attributes
                0x00000809       0x22 /opt/stm32cubeide/plugins/com.st.stm32cube.ide.mcu.externaltools.gnu-tools-for-stm32.12.3.rel1.linux64_1.0.200.202406132123/tools/bin/../lib/gcc/arm-none-eabi/12.3.1/thumb/v7e-m+fp/hard/crtn.o
OUTPUT(Prometheus.elf elf32-littlearm)
LOAD linker stubs
LOAD /opt/stm32cubeide/plugins/com.st.stm32cube.ide.mcu.externaltools.gnu-tools-for-stm32.12.3.rel1.linux64_1.0.200.202406132123/tools/bin/../lib/gcc/arm-none-eabi/12.3.1/../../../../arm-none-eabi/lib/thumb/v7e-m+fp/hard/libc.a
LOAD /opt/stm32cubeide/plugins/com.st.stm32cube.ide.mcu.externaltools.gnu-tools-for-stm32.12.3.rel1.linux64_1.0.200.202406132123/tools/bin/../lib/gcc/arm-none-eabi/12.3.1/../../../../arm-none-eabi/lib/thumb/v7e-m+fp/hard/libm.a
LOAD /opt/stm32cubeide/plugins/com.st.stm32cube.ide.mcu.externaltools.gnu-tools-for-stm32.12.3.rel1.linux64_1.0.200.202406132123/tools/bin/../lib/gcc/arm-none-eabi/12.3.1/thumb/v7e-m+fp/hard/libgcc.a

.debug_info     0x00000000     0xc425
 .debug_info    0x00000000       0xea ./Core/Src/Checksum.o
 .debug_info    0x000000ea      0xaca ./Core/Src/Measurements.o
 .debug_info    0x00000bb4      0x321 ./Core/Src/RequestQueue.o
 .debug_info    0x00000ed5      0x1a8 ./Core/Src/SettingsStore.o
 .debug_info    0x0000107d      0x913 ./Core/Src/exp_i2c_slave.o
 .debug_info    0x00001990      0x523 ./Core/Src/i2c_queue.o
 .debug_info    0x00001eb3     0x11b4 ./Core/Src/main.o
 .debug_info    0x00003067      0xe82 ./Core/Src/stm32f3xx_hal_msp.o
 .debug_info    0x00003ee9      0x6b6 ./Core/Src/stm32f3xx_it.o
 .debug_info    0x0000459f      0x407 ./Core/Src/system_stm32f3xx.o
 .debug_info    0x000049a6      0x245 ./Core/Src/Commands/ReMeasure.o
 .debug_info    0x00004beb      0x1b2 ./Core/Src/Commands/SetDur.o
 .debug_info    0x00004d9d      0x139 ./Core/Src/Commands/SetScale.o
 .debug_info    0x00004ed6       0x30 ./Core/Startup/startup_stm32f301k8tx.o
 .debug_info    0x00004f06      0x736 ./Drivers/STM32F3xx_HAL_Driver/Src/stm32f3xx_hal.o
 .debug_info    0x0000563c     0x13a2 ./Drivers/STM32F3xx_HAL_Driver/Src/stm32f3xx_hal_adc_ex.o
 .debug_info    0x000069de      0xa81 ./Drivers/STM32F3xx_HAL_Driver/Src/stm32f3xx_hal_cortex.o
 .debug_info    0x0000745f      0x6e1 ./Drivers/STM32F3xx_HAL_Driver/Src/stm32f3xx_hal_dma.o
 .debug_info    0x00007b40      0x5fe ./Drivers/STM32F3xx_HAL_Driver/Src/stm32f3xx_hal_gpio.o
 .debug_info    0x0000813e     0x20c3 ./Drivers/STM32F3xx_HAL_Driver/Src/stm32f3xx_hal_i2c.o
 .debug_info    0x0000a201      0x818 ./Drivers/STM32F3xx_HAL_Driver/Src/stm32f3xx_hal_i2c_ex.o
 .debug_info    0x0000aa19     0x148a ./Drivers/STM32F3xx_HAL_Driver/Src/stm32f3xx_hal_rcc.o
 .debug_info    0x0000bea3      0x582 ./Drivers/STM32F3xx_HAL_Driver/Src/stm32f3xx_hal_rcc_ex.o

.debug_abbrev   0x00000000     0x2892
 .debug_abbrev  0x00000000       0x9f ./Core/Src/Checksum.o
 .debug_abbrev  0x0000009f      0x25d ./Core/Src/Measurements.o
 .debug_abbrev  0x000002fc      0x172 ./Core/Src/RequestQueue.o
 .debug_abbrev  0x0000046e       0xfa ./Core/Src/SettingsStore.o
 .debug_abbrev  0x00000568      0x236 ./Core/Src/exp_i2c_slave.o
 .debug_abbrev  0x0000079e      0x21f ./Core/Src/i2c_queue.o
 .debug_abbrev  0x000009bd      0x2c9 ./Core/Src/main.o
 .debug_abbrev  0x00000c86      0x1b1 ./Core/Src/stm32f3xx_hal_msp.o
 .debug_abbrev  0x00000e37      0x17b ./Core/Src/stm32f3xx_it.o
 .debug_abbrev  0x00000fb2      0x11a ./Core/Src/system_stm32f3xx.o
 .debug_abbrev  0x000010cc      0x119 ./Core/Src/Commands/ReMeasure.o
 .debug_abbrev  0x000011e5       0xf6 ./Core/Src/Commands/SetDur.o
 .debug_abbrev  0x000012db       0xaa ./Core/Src/Commands/SetScale.o
 .debug_abbrev  0x00001385       0x24 ./Core/Startup/startup_stm32f301k8tx.o
 .debug_abbrev  0x000013a9      0x249 ./Drivers/STM32F3xx_HAL_Driver/Src/stm32f3xx_hal.o
 .debug_abbrev  0x000015f2      0x28e ./Drivers/STM32F3xx_HAL_Driver/Src/stm32f3xx_hal_adc_ex.o
 .debug_abbrev  0x00001880      0x2f8 ./Drivers/STM32F3xx_HAL_Driver/Src/stm32f3xx_hal_cortex.o
 .debug_abbrev  0x00001b78      0x20d ./Drivers/STM32F3xx_HAL_Driver/Src/stm32f3xx_hal_dma.o
 .debug_abbrev  0x00001d85      0x1ca ./Drivers/STM32F3xx_HAL_Driver/Src/stm32f3xx_hal_gpio.o
 .debug_abbrev  0x00001f4f      0x260 ./Drivers/STM32F3xx_HAL_Driver/Src/stm32f3xx_hal_i2c.o
 .debug_abbrev  0x000021af      0x1c2 ./Drivers/STM32F3xx_HAL_Driver/Src/stm32f3xx_hal_i2c_ex.o
 .debug_abbrev  0x00002371      0x300 ./Drivers/STM32F3xx_HAL_Driver/Src/stm32f3xx_hal_rcc.o
 .debug_abbrev  0x00002671      0x221 ./Drivers/STM32F3xx_HAL_Driver/Src/stm32f3xx_hal_rcc_ex.o

.debug_aranges  0x00000000      0xaa0
 .debug_aranges
                0x00000000       0x20 ./Core/Src/Checksum.o
 .debug_aranges
                0x00000020       0x30 ./Core/Src/Measurements.o
 .debug_aranges
                0x00000050       0x40 ./Core/Src/RequestQueue.o
 .debug_aranges
                0x00000090       0x28 ./Core/Src/SettingsStore.o
 .debug_aranges
                0x000000b8       0x48 ./Core/Src/exp_i2c_slave.o
 .debug_aranges
                0x00000100       0x50 ./Core/Src/i2c_queue.o
 .debug_aranges
                0x00000150       0x48 ./Core/Src/main.o
 .debug_aranges
                0x00000198       0x40 ./Core/Src/stm32f3xx_hal_msp.o
 .debug_aranges
                0x000001d8       0x70 ./Core/Src/stm32f3xx_it.o
 .debug_aranges
                0x00000248       0x28 ./Core/Src/system_stm32f3xx.o
 .debug_aranges
                0x00000270       0x20 ./Core/Src/Commands/ReMeasure.o
 .debug_aranges
                0x00000290       0x20 ./Core/Src/Commands/SetDur.o
 .debug_aranges
                0x000002b0       0x20 ./Core/Src/Commands/SetScale.o
 .debug_aranges
                0x000002d0       0x28 ./Core/Startup/startup_stm32f301k8tx.o
 .debug_aranges
                0x000002f8       0xe0 ./Drivers/STM32F3xx_HAL_Driver/Src/stm32f3xx_hal.o
 .debug_aranges
                0x000003d8      0x140 ./Drivers/STM32F3xx_HAL_Driver/Src/stm32f3xx_hal_adc_ex.o
 .debug_aranges
                0x00000518      0x100 ./Drivers/STM32F3xx_HAL_Driver/Src/stm32f3xx_hal_cortex.o
 .debug_aranges
                0x00000618       0x88 ./Drivers/STM32F3xx_HAL_Driver/Src/stm32f3xx_hal_dma.o
 .debug_aranges
                0x000006a0       0x58 ./Drivers/STM32F3xx_HAL_Driver/Src/stm32f3xx_hal_gpio.o
 .debug_aranges
                0x000006f8      0x2a0 ./Drivers/STM32F3xx_HAL_Driver/Src/stm32f3xx_hal_i2c.o
 .debug_aranges
                0x00000998       0x48 ./Drivers/STM32F3xx_HAL_Driver/Src/stm32f3xx_hal_i2c_ex.o
 .debug_aranges
                0x000009e0       0x88 ./Drivers/STM32F3xx_HAL_Driver/Src/stm32f3xx_hal_rcc.o
 .debug_aranges
                0x00000a68       0x38 ./Drivers/STM32F3xx_HAL_Driver/Src/stm32f3xx_hal_rcc_ex.o

.debug_rnglists
                0x00000000      0x7fc
 .debug_rnglists
                0x00000000       0x13 ./Core/Src/Checksum.o
 .debug_rnglists
                0x00000013       0x21 ./Core/Src/Measurements.o
 .debug_rnglists
                0x00000034       0x2e ./Core/Src/RequestQueue.o
 .debug_rnglists
                0x00000062       0x19 ./Core/Src/SettingsStore.o
 .debug_rnglists
                0x0000007b       0x33 ./Core/Src/exp_i2c_slave.o
 .debug_rnglists
                0x000000ae       0x3b ./Core/Src/i2c_queue.o
 .debug_rnglists
                0x000000e9       0x36 ./Core/Src/main.o
 .debug_rnglists
                0x0000011f       0x2c ./Core/Src/stm32f3xx_hal_msp.o
 .debug_rnglists
                0x0000014b       0x4f ./Core/Src/stm32f3xx_it.o
 .debug_rnglists
                0x0000019a       0x1a ./Core/Src/system_stm32f3xx.o
 .debug_rnglists
                0x000001b4       0x13 ./Core/Src/Commands/ReMeasure.o
 .debug_rnglists
                0x000001c7       0x14 ./Core/Src/Commands/SetDur.o
 .debug_rnglists
                0x000001db       0x13 ./Core/Src/Commands/SetScale.o
 .debug_rnglists
                0x000001ee       0x19 ./Core/Startup/startup_stm32f301k8tx.o
 .debug_rnglists
                0x00000207       0xa3 ./Drivers/STM32F3xx_HAL_Driver/Src/stm32f3xx_hal.o
 .debug_rnglists
                0x000002aa      0x104 ./Drivers/STM32F3xx_HAL_Driver/Src/stm32f3xx_hal_adc_ex.o
 .debug_rnglists
                0x000003ae       0xbb ./Drivers/STM32F3xx_HAL_Driver/Src/stm32f3xx_hal_cortex.o
 .debug_rnglists
                0x00000469       0x69 ./Drivers/STM32F3xx_HAL_Driver/Src/stm32f3xx_hal_dma.o
 .debug_rnglists
                0x000004d2       0x3f ./Drivers/STM32F3xx_HAL_Driver/Src/stm32f3xx_hal_gpio.o
 .debug_rnglists
                0x00000511      0x228 ./Drivers/STM32F3xx_HAL_Driver/Src/stm32f3xx_hal_i2c.o
 .debug_rnglists
                0x00000739       0x35 ./Drivers/STM32F3xx_HAL_Driver/Src/stm32f3xx_hal_i2c_ex.o
 .debug_rnglists
                0x0000076e       0x66 ./Drivers/STM32F3xx_HAL_Driver/Src/stm32f3xx_hal_rcc.o
 .debug_rnglists
                0x000007d4       0x28 ./Drivers/STM32F3xx_HAL_Driver/Src/stm32f3xx_hal_rcc_ex.o

.debug_macro    0x00000000    0x15a66
 .debug_macro   0x00000000       0x6d ./Core/Src/Checksum.o
 .debug_macro   0x0000006d      0xab4 ./Core/Src/Checksum.o
 .debug_macro   0x00000b21       0x22 ./Core/Src/Checksum.o
 .debug_macro   0x00000b43       0x8e ./Core/Src/Checksum.o
 .debug_macro   0x00000bd1       0x51 ./Core/Src/Checksum.o
 .debug_macro   0x00000c22      0x103 ./Core/Src/Checksum.o
 .debug_macro   0x00000d25       0x6a ./Core/Src/Checksum.o
 .debug_macro   0x00000d8f      0x1df ./Core/Src/Checksum.o
 .debug_macro   0x00000f6e      0x2c7 ./Core/Src/Measurements.o
 .debug_macro   0x00001235       0x22 ./Core/Src/Measurements.o
 .debug_macro   0x00001257      0x151 ./Core/Src/Measurements.o
 .debug_macro   0x000013a8       0x2e ./Core/Src/Measurements.o
 .debug_macro   0x000013d6       0x28 ./Core/Src/Measurements.o
 .debug_macro   0x000013fe       0x1c ./Core/Src/Measurements.o
 .debug_macro   0x0000141a       0x22 ./Core/Src/Measurements.o
 .debug_macro   0x0000143c       0xd9 ./Core/Src/Measurements.o
 .debug_macro   0x00001515      0xf07 ./Core/Src/Measurements.o
 .debug_macro   0x0000241c     0xb11f ./Core/Src/Measurements.o
 .debug_macro   0x0000d53b       0x6d ./Core/Src/Measurements.o
 .debug_macro   0x0000d5a8     0x3574 ./Core/Src/Measurements.o
 .debug_macro   0x00010b1c      0x189 ./Core/Src/Measurements.o
 .debug_macro   0x00010ca5       0x55 ./Core/Src/Measurements.o
 .debug_macro   0x00010cfa      0x8f8 ./Core/Src/Measurements.o
 .debug_macro   0x000115f2      0x39d ./Core/Src/Measurements.o
 .debug_macro   0x0001198f      0x1b5 ./Core/Src/Measurements.o
 .debug_macro   0x00011b44      0x153 ./Core/Src/Measurements.o
 .debug_macro   0x00011c97      0x1d5 ./Core/Src/Measurements.o
 .debug_macro   0x00011e6c      0x1bc ./Core/Src/Measurements.o
 .debug_macro   0x00012028       0x34 ./Core/Src/Measurements.o
 .debug_macro   0x0001205c       0x3c ./Core/Src/Measurements.o
 .debug_macro   0x00012098       0x57 ./Core/Src/Measurements.o
 .debug_macro   0x000120ef      0x7b9 ./Core/Src/Measurements.o
 .debug_macro   0x000128a8       0x77 ./Core/Src/Measurements.o
 .debug_macro   0x0001291f       0xc5 ./Core/Src/Measurements.o
 .debug_macro   0x000129e4      0x19f ./Core/Src/Measurements.o
 .debug_macro   0x00012b83      0x22c ./Core/Src/Measurements.o
 .debug_macro   0x00012daf       0x5b ./Core/Src/Measurements.o
 .debug_macro   0x00012e0a       0xa5 ./Core/Src/Measurements.o
 .debug_macro   0x00012eaf       0x81 ./Core/Src/Measurements.o
 .debug_macro   0x00012f30       0xd3 ./Core/Src/Measurements.o
 .debug_macro   0x00013003      0x1db ./Core/Src/Measurements.o
 .debug_macro   0x000131de       0x61 ./Core/Src/Measurements.o
 .debug_macro   0x0001323f       0x2a ./Core/Src/Measurements.o
 .debug_macro   0x00013269       0x43 ./Core/Src/Measurements.o
 .debug_macro   0x000132ac       0x34 ./Core/Src/Measurements.o
 .debug_macro   0x000132e0       0x16 ./Core/Src/Measurements.o
 .debug_macro   0x000132f6       0x43 ./Core/Src/Measurements.o
 .debug_macro   0x00013339       0x34 ./Core/Src/Measurements.o
 .debug_macro   0x0001336d       0x10 ./Core/Src/Measurements.o
 .debug_macro   0x0001337d       0x58 ./Core/Src/Measurements.o
 .debug_macro   0x000133d5       0x8e ./Core/Src/Measurements.o
 .debug_macro   0x00013463       0x1c ./Core/Src/Measurements.o
 .debug_macro   0x0001347f      0x177 ./Core/Src/Measurements.o
 .debug_macro   0x000135f6      0x369 ./Core/Src/Measurements.o
 .debug_macro   0x0001395f       0x10 ./Core/Src/Measurements.o
 .debug_macro   0x0001396f       0x35 ./Core/Src/Measurements.o
 .debug_macro   0x000139a4       0x20 ./Core/Src/Measurements.o
 .debug_macro   0x000139c4       0x86 ./Core/Src/RequestQueue.o
 .debug_macro   0x00013a4a       0x80 ./Core/Src/SettingsStore.o
 .debug_macro   0x00013aca      0x305 ./Core/Src/exp_i2c_slave.o
 .debug_macro   0x00013dcf      0x17b ./Core/Src/i2c_queue.o
 .debug_macro   0x00013f4a      0x2cd ./Core/Src/main.o
 .debug_macro   0x00014217      0x1be ./Core/Src/stm32f3xx_hal_msp.o
 .debug_macro   0x000143d5      0x1c8 ./Core/Src/stm32f3xx_it.o
 .debug_macro   0x0001459d      0x1b4 ./Core/Src/system_stm32f3xx.o
 .debug_macro   0x00014751      0x17b ./Core/Src/Commands/ReMeasure.o
 .debug_macro   0x000148cc       0x8a ./Core/Src/Commands/SetDur.o
 .debug_macro   0x00014956       0x77 ./Core/Src/Commands/SetScale.o
 .debug_macro   0x000149cd      0x1d8 ./Drivers/STM32F3xx_HAL_Driver/Src/stm32f3xx_hal.o
 .debug_macro   0x00014ba5      0x1de ./Drivers/STM32F3xx_HAL_Driver/Src/stm32f3xx_hal_adc_ex.o
 .debug_macro   0x00014d83      0x1b4 ./Drivers/STM32F3xx_HAL_Driver/Src/stm32f3xx_hal_cortex.o
 .debug_macro   0x00014f37      0x1b4 ./Drivers/STM32F3xx_HAL_Driver/Src/stm32f3xx_hal_dma.o
 .debug_macro   0x000150eb      0x1bb ./Drivers/STM32F3xx_HAL_Driver/Src/stm32f3xx_hal_gpio.o
 .debug_macro   0x000152a6      0x280 ./Drivers/STM32F3xx_HAL_Driver/Src/stm32f3xx_hal_i2c.o
 .debug_macro   0x00015526      0x1b4 ./Drivers/STM32F3xx_HAL_Driver/Src/stm32f3xx_hal_i2c_ex.o
 .debug_macro   0x000156da      0x1d8 ./Drivers/STM32F3xx_HAL_Driver/Src/stm32f3xx_hal_rcc.o
 .debug_macro   0x000158b2      0x1b4 ./Drivers/STM32F3xx_HAL_Driver/Src/stm32f3xx_hal_rcc_ex.o

.debug_line     0x00000000     0xf690
 .debug_line    0x00000000      0x371 ./Core/Src/Checksum.o
 .debug_line    0x00000371      0x911 ./Core/Src/Measurements.o
 .debug_line    0x00000c82      0x4d6 ./Core/Src/RequestQueue.o
 .debug_line    0x00001158      0x38a ./Core/Src/SettingsStore.o
 .debug_line    0x000014e2      0x981 ./Core/Src/exp_i2c_slave.o
 .debug_line    0x00001e63      0x787 ./Core/Src/i2c_queue.o
 .debug_line    0x000025ea      0x981 ./Core/Src/main.o
 .debug_line    0x00002f6b      0x6f0 ./Core/Src/stm32f3xx_hal_msp.o
 .debug_line    0x0000365b      0x747 ./Core/Src/stm32f3xx_it.o
 .debug_line    0x00003da2      0x6ce ./Core/Src/system_stm32f3xx.o
 .debug_line    0x00004470      0x542 ./Core/Src/Commands/ReMeasure.o
 .debug_line    0x000049b2      0x424 ./Core/Src/Commands/SetDur.o
 .debug_line    0x00004dd6      0x39e ./Core/Src/Commands/SetScale.o
 .debug_line    0x00005174       0x7a ./Core/Startup/startup_stm32f301k8tx.o
 .debug_line    0x000051ee      0x906 ./Drivers/STM32F3xx_HAL_Driver/Src/stm32f3xx_hal.o
 .debug_line    0x00005af4     0x1acc ./Drivers/STM32F3xx_HAL_Driver/Src/stm32f3xx_hal_adc_ex.o
 .debug_line    0x000075c0      0xaec ./Drivers/STM32F3xx_HAL_Driver/Src/stm32f3xx_hal_cortex.o
 .debug_line    0x000080ac      0xbf0 ./Drivers/STM32F3xx_HAL_Driver/Src/stm32f3xx_hal_dma.o
 .debug_line    0x00008c9c      0xa69 ./Drivers/STM32F3xx_HAL_Driver/Src/stm32f3xx_hal_gpio.o
 .debug_line    0x00009705     0x397d ./Drivers/STM32F3xx_HAL_Driver/Src/stm32f3xx_hal_i2c.o
 .debug_line    0x0000d082      0x872 ./Drivers/STM32F3xx_HAL_Driver/Src/stm32f3xx_hal_i2c_ex.o
 .debug_line    0x0000d8f4     0x129a ./Drivers/STM32F3xx_HAL_Driver/Src/stm32f3xx_hal_rcc.o
 .debug_line    0x0000eb8e      0xb02 ./Drivers/STM32F3xx_HAL_Driver/Src/stm32f3xx_hal_rcc_ex.o

.debug_str      0x00000000    0x80e12
 .debug_str     0x00000000     0x3bd6 ./Core/Src/Checksum.o
                               0x3d4c (size before relaxing)
 .debug_str     0x00003bd6    0x7a006 ./Core/Src/Measurements.o
                              0x7def8 (size before relaxing)
 .debug_str     0x0007dbdc       0xe3 ./Core/Src/RequestQueue.o
                               0x3f12 (size before relaxing)
 .debug_str     0x0007dcbf       0xa7 ./Core/Src/SettingsStore.o
                               0x3e51 (size before relaxing)
 .debug_str     0x0007dd66      0x40e ./Core/Src/exp_i2c_slave.o
                              0x7df7b (size before relaxing)
 .debug_str     0x0007e174       0xe7 ./Core/Src/i2c_queue.o
                               0x748c (size before relaxing)
 .debug_str     0x0007e25b      0x3c5 ./Core/Src/main.o
                              0x7e54f (size before relaxing)
 .debug_str     0x0007e620      0x308 ./Core/Src/stm32f3xx_hal_msp.o
                              0x7b203 (size before relaxing)
 .debug_str     0x0007e928      0x11b ./Core/Src/stm32f3xx_it.o
                              0x7ac52 (size before relaxing)
 .debug_str     0x0007ea43       0xdf ./Core/Src/system_stm32f3xx.o
                              0x7a7b9 (size before relaxing)
 .debug_str     0x0007eb22       0x2d ./Core/Src/Commands/ReMeasure.o
                               0x73fe (size before relaxing)
 .debug_str     0x0007eb4f       0x28 ./Core/Src/Commands/SetDur.o
                               0x3e51 (size before relaxing)
 .debug_str     0x0007eb77       0x20 ./Core/Src/Commands/SetScale.o
                               0x3dd6 (size before relaxing)
 .debug_str     0x0007eb97       0x44 ./Core/Startup/startup_stm32f301k8tx.o
                                 0x6f (size before relaxing)
 .debug_str     0x0007ebdb      0x397 ./Drivers/STM32F3xx_HAL_Driver/Src/stm32f3xx_hal.o
                              0x7ae98 (size before relaxing)
 .debug_str     0x0007ef72      0x7bc ./Drivers/STM32F3xx_HAL_Driver/Src/stm32f3xx_hal_adc_ex.o
                              0x7b3db (size before relaxing)
 .debug_str     0x0007f72e      0x20f ./Drivers/STM32F3xx_HAL_Driver/Src/stm32f3xx_hal_cortex.o
                              0x7adbd (size before relaxing)
 .debug_str     0x0007f93d      0x22e ./Drivers/STM32F3xx_HAL_Driver/Src/stm32f3xx_hal_dma.o
                              0x7ab01 (size before relaxing)
 .debug_str     0x0007fb6b      0x122 ./Drivers/STM32F3xx_HAL_Driver/Src/stm32f3xx_hal_gpio.o
                              0x7a92f (size before relaxing)
 .debug_str     0x0007fc8d      0xd50 ./Drivers/STM32F3xx_HAL_Driver/Src/stm32f3xx_hal_i2c.o
                              0x7bab9 (size before relaxing)
 .debug_str     0x000809dd       0xb8 ./Drivers/STM32F3xx_HAL_Driver/Src/stm32f3xx_hal_i2c_ex.o
                              0x7acb9 (size before relaxing)
 .debug_str     0x00080a95      0x2bf ./Drivers/STM32F3xx_HAL_Driver/Src/stm32f3xx_hal_rcc.o
                              0x7ac59 (size before relaxing)
 .debug_str     0x00080d54       0xbe ./Drivers/STM32F3xx_HAL_Driver/Src/stm32f3xx_hal_rcc_ex.o
                              0x7a9cb (size before relaxing)

.comment        0x00000000       0x43
 .comment       0x00000000       0x43 ./Core/Src/Checksum.o
                                 0x44 (size before relaxing)
 .comment       0x00000043       0x44 ./Core/Src/Measurements.o
 .comment       0x00000043       0x44 ./Core/Src/RequestQueue.o
 .comment       0x00000043       0x44 ./Core/Src/SettingsStore.o
 .comment       0x00000043       0x44 ./Core/Src/exp_i2c_slave.o
 .comment       0x00000043       0x44 ./Core/Src/i2c_queue.o
 .comment       0x00000043       0x44 ./Core/Src/main.o
 .comment       0x00000043       0x44 ./Core/Src/stm32f3xx_hal_msp.o
 .comment       0x00000043       0x44 ./Core/Src/stm32f3xx_it.o
 .comment       0x00000043       0x44 ./Core/Src/system_stm32f3xx.o
 .comment       0x00000043       0x44 ./Core/Src/Commands/ReMeasure.o
 .comment       0x00000043       0x44 ./Core/Src/Commands/SetDur.o
 .comment       0x00000043       0x44 ./Core/Src/Commands/SetScale.o
 .comment       0x00000043       0x44 ./Drivers/STM32F3xx_HAL_Driver/Src/stm32f3xx_hal.o
 .comment       0x00000043       0x44 ./Drivers/STM32F3xx_HAL_Driver/Src/stm32f3xx_hal_adc_ex.o
 .comment       0x00000043       0x44 ./Drivers/STM32F3xx_HAL_Driver/Src/stm32f3xx_hal_cortex.o
 .comment       0x00000043       0x44 ./Drivers/STM32F3xx_HAL_Driver/Src/stm32f3xx_hal_dma.o
 .comment       0x00000043       0x44 ./Drivers/STM32F3xx_HAL_Driver/Src/stm32f3xx_hal_gpio.o
 .comment       0x00000043       0x44 ./Drivers/STM32F3xx_HAL_Driver/Src/stm32f3xx_hal_i2c.o
 .comment       0x00000043       0x44 ./Drivers/STM32F3xx_HAL_Driver/Src/stm32f3xx_hal_i2c_ex.o
 .comment       0x00000043       0x44 ./Drivers/STM32F3xx_HAL_Driver/Src/stm32f3xx_hal_rcc.o
 .comment       0x00000043       0x44 ./Drivers/STM32F3xx_HAL_Driver/Src/stm32f3xx_hal_rcc_ex.o

.debug_frame    0x00000000     0x2eb4
 .debug_frame   0x00000000       0x38 ./Core/Src/Checksum.o
 .debug_frame   0x00000038       0x90 ./Core/Src/Measurements.o
 .debug_frame   0x000000c8       0xe8 ./Core/Src/RequestQueue.o
 .debug_frame   0x000001b0       0x60 ./Core/Src/SettingsStore.o
 .debug_frame   0x00000210       0xe8 ./Core/Src/exp_i2c_slave.o
 .debug_frame   0x000002f8      0x13c ./Core/Src/i2c_queue.o
 .debug_frame   0x00000434       0xd0 ./Core/Src/main.o
 .debug_frame   0x00000504       0xc8 ./Core/Src/stm32f3xx_hal_msp.o
 .debug_frame   0x000005cc      0x13c ./Core/Src/stm32f3xx_it.o
 .debug_frame   0x00000708       0x58 ./Core/Src/system_stm32f3xx.o
 .debug_frame   0x00000760       0x34 ./Core/Src/Commands/ReMeasure.o
 .debug_frame   0x00000794       0x34 ./Core/Src/Commands/SetDur.o
 .debug_frame   0x000007c8       0x34 ./Core/Src/Commands/SetScale.o
 .debug_frame   0x000007fc      0x334 ./Drivers/STM32F3xx_HAL_Driver/Src/stm32f3xx_hal.o
 .debug_frame   0x00000b30      0x57c ./Drivers/STM32F3xx_HAL_Driver/Src/stm32f3xx_hal_adc_ex.o
 .debug_frame   0x000010ac      0x428 ./Drivers/STM32F3xx_HAL_Driver/Src/stm32f3xx_hal_cortex.o
 .debug_frame   0x000014d4      0x224 ./Drivers/STM32F3xx_HAL_Driver/Src/stm32f3xx_hal_dma.o
 .debug_frame   0x000016f8      0x14c ./Drivers/STM32F3xx_HAL_Driver/Src/stm32f3xx_hal_gpio.o
 .debug_frame   0x00001844      0xc38 ./Drivers/STM32F3xx_HAL_Driver/Src/stm32f3xx_hal_i2c.o
 .debug_frame   0x0000247c      0x100 ./Drivers/STM32F3xx_HAL_Driver/Src/stm32f3xx_hal_i2c_ex.o
 .debug_frame   0x0000257c      0x214 ./Drivers/STM32F3xx_HAL_Driver/Src/stm32f3xx_hal_rcc.o
 .debug_frame   0x00002790       0xb0 ./Drivers/STM32F3xx_HAL_Driver/Src/stm32f3xx_hal_rcc_ex.o
 .debug_frame   0x00002840      0x144 /opt/stm32cubeide/plugins/com.st.stm32cube.ide.mcu.externaltools.gnu-tools-for-stm32.12.3.rel1.linux64_1.0.200.202406132123/tools/bin/../lib/gcc/arm-none-eabi/12.3.1/../../../../arm-none-eabi/lib/thumb/v7e-m+fp/hard/libc_nano.a(libc_a-findfp.o)
 .debug_frame   0x00002984       0x20 /opt/stm32cubeide/plugins/com.st.stm32cube.ide.mcu.externaltools.gnu-tools-for-stm32.12.3.rel1.linux64_1.0.200.202406132123/tools/bin/../lib/gcc/arm-none-eabi/12.3.1/../../../../arm-none-eabi/lib/thumb/v7e-m+fp/hard/libc_nano.a(libc_a-memset.o)
 .debug_frame   0x000029a4       0x20 /opt/stm32cubeide/plugins/com.st.stm32cube.ide.mcu.externaltools.gnu-tools-for-stm32.12.3.rel1.linux64_1.0.200.202406132123/tools/bin/../lib/gcc/arm-none-eabi/12.3.1/../../../../arm-none-eabi/lib/thumb/v7e-m+fp/hard/libc_nano.a(libc_a-errno.o)
 .debug_frame   0x000029c4       0x2c /opt/stm32cubeide/plugins/com.st.stm32cube.ide.mcu.externaltools.gnu-tools-for-stm32.12.3.rel1.linux64_1.0.200.202406132123/tools/bin/../lib/gcc/arm-none-eabi/12.3.1/../../../../arm-none-eabi/lib/thumb/v7e-m+fp/hard/libc_nano.a(libc_a-init.o)
 .debug_frame   0x000029f0       0x44 /opt/stm32cubeide/plugins/com.st.stm32cube.ide.mcu.externaltools.gnu-tools-for-stm32.12.3.rel1.linux64_1.0.200.202406132123/tools/bin/../lib/gcc/arm-none-eabi/12.3.1/../../../../arm-none-eabi/lib/thumb/v7e-m+fp/hard/libm.a(libm_a-w_pow.o)
 .debug_frame   0x00002a34       0x28 /opt/stm32cubeide/plugins/com.st.stm32cube.ide.mcu.externaltools.gnu-tools-for-stm32.12.3.rel1.linux64_1.0.200.202406132123/tools/bin/../lib/gcc/arm-none-eabi/12.3.1/../../../../arm-none-eabi/lib/thumb/v7e-m+fp/hard/libm.a(libm_a-s_finite.o)
 .debug_frame   0x00002a5c       0x78 /opt/stm32cubeide/plugins/com.st.stm32cube.ide.mcu.externaltools.gnu-tools-for-stm32.12.3.rel1.linux64_1.0.200.202406132123/tools/bin/../lib/gcc/arm-none-eabi/12.3.1/../../../../arm-none-eabi/lib/thumb/v7e-m+fp/hard/libm.a(libm_a-e_pow.o)
 .debug_frame   0x00002ad4       0x20 /opt/stm32cubeide/plugins/com.st.stm32cube.ide.mcu.externaltools.gnu-tools-for-stm32.12.3.rel1.linux64_1.0.200.202406132123/tools/bin/../lib/gcc/arm-none-eabi/12.3.1/../../../../arm-none-eabi/lib/thumb/v7e-m+fp/hard/libm.a(libm_a-s_fabs.o)
 .debug_frame   0x00002af4       0x2c /opt/stm32cubeide/plugins/com.st.stm32cube.ide.mcu.externaltools.gnu-tools-for-stm32.12.3.rel1.linux64_1.0.200.202406132123/tools/bin/../lib/gcc/arm-none-eabi/12.3.1/../../../../arm-none-eabi/lib/thumb/v7e-m+fp/hard/libm.a(libm_a-s_scalbn.o)
 .debug_frame   0x00002b20      0x158 /opt/stm32cubeide/plugins/com.st.stm32cube.ide.mcu.externaltools.gnu-tools-for-stm32.12.3.rel1.linux64_1.0.200.202406132123/tools/bin/../lib/gcc/arm-none-eabi/12.3.1/../../../../arm-none-eabi/lib/thumb/v7e-m+fp/hard/libm.a(libm_a-math_err.o)
 .debug_frame   0x00002c78       0x38 /opt/stm32cubeide/plugins/com.st.stm32cube.ide.mcu.externaltools.gnu-tools-for-stm32.12.3.rel1.linux64_1.0.200.202406132123/tools/bin/../lib/gcc/arm-none-eabi/12.3.1/../../../../arm-none-eabi/lib/thumb/v7e-m+fp/hard/libm.a(libm_a-e_sqrt.o)
 .debug_frame   0x00002cb0       0xac /opt/stm32cubeide/plugins/com.st.stm32cube.ide.mcu.externaltools.gnu-tools-for-stm32.12.3.rel1.linux64_1.0.200.202406132123/tools/bin/../lib/gcc/arm-none-eabi/12.3.1/thumb/v7e-m+fp/hard/libgcc.a(_arm_addsubdf3.o)
 .debug_frame   0x00002d5c       0x50 /opt/stm32cubeide/plugins/com.st.stm32cube.ide.mcu.externaltools.gnu-tools-for-stm32.12.3.rel1.linux64_1.0.200.202406132123/tools/bin/../lib/gcc/arm-none-eabi/12.3.1/thumb/v7e-m+fp/hard/libgcc.a(_arm_muldivdf3.o)
 .debug_frame   0x00002dac       0xc4 /opt/stm32cubeide/plugins/com.st.stm32cube.ide.mcu.externaltools.gnu-tools-for-stm32.12.3.rel1.linux64_1.0.200.202406132123/tools/bin/../lib/gcc/arm-none-eabi/12.3.1/thumb/v7e-m+fp/hard/libgcc.a(_arm_cmpdf2.o)
 .debug_frame   0x00002e70       0x20 /opt/stm32cubeide/plugins/com.st.stm32cube.ide.mcu.externaltools.gnu-tools-for-stm32.12.3.rel1.linux64_1.0.200.202406132123/tools/bin/../lib/gcc/arm-none-eabi/12.3.1/thumb/v7e-m+fp/hard/libgcc.a(_arm_unorddf2.o)
 .debug_frame   0x00002e90       0x24 /opt/stm32cubeide/plugins/com.st.stm32cube.ide.mcu.externaltools.gnu-tools-for-stm32.12.3.rel1.linux64_1.0.200.202406132123/tools/bin/../lib/gcc/arm-none-eabi/12.3.1/thumb/v7e-m+fp/hard/libgcc.a(_arm_fixunsdfsi.o)

.debug_line_str
                0x00000000       0x53
 .debug_line_str
                0x00000000       0x53 ./Core/Startup/startup_stm32f301k8tx.o
